stm32f1xx_hal_msp.c:69:6:HAL_MspInit	8	static
stm32f1xx_hal_msp.c:95:6:HAL_ADC_MspInit	40	static
stm32f1xx_hal_msp.c:144:6:HAL_ADC_MspDeInit	8	static
stm32f1xx_hal_msp.c:174:6:HAL_I2C_MspInit	32	static
stm32f1xx_hal_msp.c:208:6:HAL_I2C_MspDeInit	8	static
stm32f1xx_hal_msp.c:239:6:HAL_RTC_MspInit	16	static
stm32f1xx_hal_msp.c:264:6:HAL_RTC_MspDeInit	0	static
stm32f1xx_hal_msp.c:286:6:HAL_SPI_MspInit	32	static
stm32f1xx_hal_msp.c:327:6:HAL_SPI_MspDeInit	8	static
stm32f1xx_hal_msp.c:358:6:HAL_UART_MspInit	56	static
stm32f1xx_hal_msp.c:487:6:HAL_UART_MspDeInit	8	static
