bootloader.c:102:13:unlockMemory	8	static
bootloader.c:114:13:lockMemory	8	static
bootloader.c:10:10:Read_BootMode	0	static
bootloader.c:15:6:Write_BootMode	0	static
bootloader.c:86:6:deinitEverything	8	static
bootloader.c:145:6:flashWord	40	static
bootloader.c:174:10:readWord	0	static
bootloader.c:181:6:errorBlink	8	static
bootloader.c:62:6:jumpToApp	8	static,ignoring_inline_asm
bootloader.c:20:6:bootloaderInit	16	static
bootloader.c:126:13:eraseMemory	32	static
bootloader.c:251:9:string_compare	16	static
bootloader.c:233:9:commandDecoding	16	static
bootloader.c:265:6:messageHandler	8	static
