core_cm3.h:1762:34:__NVIC_SystemReset	0	static,ignoring_inline_asm
bootloader.c:97:13:unlockMemory	8	static
bootloader.c:109:13:lockMemory	8	static
bootloader.c:80:6:deinitEverything	8	static
bootloader.c:140:6:flashWord	40	static
bootloader.c:172:10:readWord	0	static
bootloader.c:179:6:errorBlink	8	static
bootloader.c:47:6:jumpToApp	8	static,ignoring_inline_asm
bootloader.c:11:6:bootloaderInit	16	static
bootloader.c:121:13:eraseMemory	32	static
bootloader.c:249:9:string_compare	16	static
bootloader.c:231:9:commandDecoding	16	static
bootloader.c:263:6:messageHandler	8	static
bootloader.c:311:6:createMessage	16	static
