Archive member included to satisfy reference by file (symbol)

c:/st/stm32cubeide_1.6.1/stm32cubeide/plugins/com.st.stm32cube.ide.mcu.externaltools.gnu-tools-for-stm32.9-2020-q2-update.win32_2.0.0.202105311346/tools/bin/../lib/gcc/arm-none-eabi/9.3.1/../../../../arm-none-eabi/lib/thumb/v7-m/nofp\libc_nano.a(lib_a-errno.o)
                              ./Core/Src/syscalls.o (__errno)
c:/st/stm32cubeide_1.6.1/stm32cubeide/plugins/com.st.stm32cube.ide.mcu.externaltools.gnu-tools-for-stm32.9-2020-q2-update.win32_2.0.0.202105311346/tools/bin/../lib/gcc/arm-none-eabi/9.3.1/../../../../arm-none-eabi/lib/thumb/v7-m/nofp\libc_nano.a(lib_a-exit.o)
                              c:/st/stm32cubeide_1.6.1/stm32cubeide/plugins/com.st.stm32cube.ide.mcu.externaltools.gnu-tools-for-stm32.9-2020-q2-update.win32_2.0.0.202105311346/tools/bin/../lib/gcc/arm-none-eabi/9.3.1/../../../../arm-none-eabi/lib/thumb/v7-m/nofp/crt0.o (exit)
c:/st/stm32cubeide_1.6.1/stm32cubeide/plugins/com.st.stm32cube.ide.mcu.externaltools.gnu-tools-for-stm32.9-2020-q2-update.win32_2.0.0.202105311346/tools/bin/../lib/gcc/arm-none-eabi/9.3.1/../../../../arm-none-eabi/lib/thumb/v7-m/nofp\libc_nano.a(lib_a-impure.o)
                              c:/st/stm32cubeide_1.6.1/stm32cubeide/plugins/com.st.stm32cube.ide.mcu.externaltools.gnu-tools-for-stm32.9-2020-q2-update.win32_2.0.0.202105311346/tools/bin/../lib/gcc/arm-none-eabi/9.3.1/../../../../arm-none-eabi/lib/thumb/v7-m/nofp\libc_nano.a(lib_a-exit.o) (_global_impure_ptr)
c:/st/stm32cubeide_1.6.1/stm32cubeide/plugins/com.st.stm32cube.ide.mcu.externaltools.gnu-tools-for-stm32.9-2020-q2-update.win32_2.0.0.202105311346/tools/bin/../lib/gcc/arm-none-eabi/9.3.1/../../../../arm-none-eabi/lib/thumb/v7-m/nofp\libc_nano.a(lib_a-init.o)
                              c:/st/stm32cubeide_1.6.1/stm32cubeide/plugins/com.st.stm32cube.ide.mcu.externaltools.gnu-tools-for-stm32.9-2020-q2-update.win32_2.0.0.202105311346/tools/bin/../lib/gcc/arm-none-eabi/9.3.1/../../../../arm-none-eabi/lib/thumb/v7-m/nofp/crt0.o (__libc_init_array)
c:/st/stm32cubeide_1.6.1/stm32cubeide/plugins/com.st.stm32cube.ide.mcu.externaltools.gnu-tools-for-stm32.9-2020-q2-update.win32_2.0.0.202105311346/tools/bin/../lib/gcc/arm-none-eabi/9.3.1/../../../../arm-none-eabi/lib/thumb/v7-m/nofp\libc_nano.a(lib_a-memset.o)
                              c:/st/stm32cubeide_1.6.1/stm32cubeide/plugins/com.st.stm32cube.ide.mcu.externaltools.gnu-tools-for-stm32.9-2020-q2-update.win32_2.0.0.202105311346/tools/bin/../lib/gcc/arm-none-eabi/9.3.1/../../../../arm-none-eabi/lib/thumb/v7-m/nofp/crt0.o (memset)

Allocating common symbols
Common symbol       size              file

hUsbDeviceFS        0x2c4             ./USB_DEVICE/App/usb_device.o
flashLocked         0x1               ./Core/Src/bootloader.o
flashStatus         0x1               ./Core/Src/bootloader.o
uwTick              0x4               ./Drivers/STM32F1xx_HAL_Driver/Src/stm32f1xx_hal.o
pFlash              0x20              ./Drivers/STM32F1xx_HAL_Driver/Src/stm32f1xx_hal_flash.o
UserRxBufferFS      0x3e8             ./USB_DEVICE/App/usbd_cdc_if.o
Flashed_offset      0x4               ./Core/Src/bootloader.o
UserTxBufferFS      0x3e8             ./USB_DEVICE/App/usbd_cdc_if.o
hpcd_USB_FS         0x2ec             ./USB_DEVICE/Target/usbd_conf.o
USBD_StrDesc        0x200             ./USB_DEVICE/App/usbd_desc.o

Discarded input sections

 .text          0x0000000000000000        0x0 c:/st/stm32cubeide_1.6.1/stm32cubeide/plugins/com.st.stm32cube.ide.mcu.externaltools.gnu-tools-for-stm32.9-2020-q2-update.win32_2.0.0.202105311346/tools/bin/../lib/gcc/arm-none-eabi/9.3.1/thumb/v7-m/nofp/crti.o
 .data          0x0000000000000000        0x0 c:/st/stm32cubeide_1.6.1/stm32cubeide/plugins/com.st.stm32cube.ide.mcu.externaltools.gnu-tools-for-stm32.9-2020-q2-update.win32_2.0.0.202105311346/tools/bin/../lib/gcc/arm-none-eabi/9.3.1/thumb/v7-m/nofp/crti.o
 .bss           0x0000000000000000        0x0 c:/st/stm32cubeide_1.6.1/stm32cubeide/plugins/com.st.stm32cube.ide.mcu.externaltools.gnu-tools-for-stm32.9-2020-q2-update.win32_2.0.0.202105311346/tools/bin/../lib/gcc/arm-none-eabi/9.3.1/thumb/v7-m/nofp/crti.o
 .data          0x0000000000000000        0x4 c:/st/stm32cubeide_1.6.1/stm32cubeide/plugins/com.st.stm32cube.ide.mcu.externaltools.gnu-tools-for-stm32.9-2020-q2-update.win32_2.0.0.202105311346/tools/bin/../lib/gcc/arm-none-eabi/9.3.1/thumb/v7-m/nofp/crtbegin.o
 .text          0x0000000000000000       0x7c c:/st/stm32cubeide_1.6.1/stm32cubeide/plugins/com.st.stm32cube.ide.mcu.externaltools.gnu-tools-for-stm32.9-2020-q2-update.win32_2.0.0.202105311346/tools/bin/../lib/gcc/arm-none-eabi/9.3.1/../../../../arm-none-eabi/lib/thumb/v7-m/nofp/crt0.o
[...]
Memory Configuration

Name             Origin             Length             Attributes
RAM              0x0000000020000000 0x0000000000004ff0 xrw
FLASH            0x0000000008000000 0x0000000000005000 xr
*default*        0x0000000000000000 0xffffffffffffffff

Linker script and memory map

LOAD c:/st/stm32cubeide_1.6.1/stm32cubeide/plugins/com.st.stm32cube.ide.mcu.externaltools.gnu-tools-for-stm32.9-2020-q2-update.win32_2.0.0.202105311346/tools/bin/../lib/gcc/arm-none-eabi/9.3.1/thumb/v7-m/nofp/crti.o
LOAD c:/st/stm32cubeide_1.6.1/stm32cubeide/plugins/com.st.stm32cube.ide.mcu.externaltools.gnu-tools-for-stm32.9-2020-q2-update.win32_2.0.0.202105311346/tools/bin/../lib/gcc/arm-none-eabi/9.3.1/thumb/v7-m/nofp/crtbegin.o
LOAD c:/st/stm32cubeide_1.6.1/stm32cubeide/plugins/com.st.stm32cube.ide.mcu.externaltools.gnu-tools-for-stm32.9-2020-q2-update.win32_2.0.0.202105311346/tools/bin/../lib/gcc/arm-none-eabi/9.3.1/../../../../arm-none-eabi/lib/thumb/v7-m/nofp/crt0.o
LOAD ./Core/Src/bootloader.o
LOAD ./Core/Src/main.o
LOAD ./Core/Src/stm32f1xx_hal_msp.o
LOAD ./Core/Src/stm32f1xx_it.o
LOAD ./Core/Src/syscalls.o
LOAD ./Core/Src/sysmem.o
LOAD ./Core/Src/system_stm32f1xx.o
LOAD ./Core/Startup/startup_stm32f103c8tx.o
LOAD ./Drivers/STM32F1xx_HAL_Driver/Src/stm32f1xx_hal.o
LOAD ./Drivers/STM32F1xx_HAL_Driver/Src/stm32f1xx_hal_cortex.o
LOAD ./Drivers/STM32F1xx_HAL_Driver/Src/stm32f1xx_hal_dma.o
LOAD ./Drivers/STM32F1xx_HAL_Driver/Src/stm32f1xx_hal_exti.o
LOAD ./Drivers/STM32F1xx_HAL_Driver/Src/stm32f1xx_hal_flash.o
LOAD ./Drivers/STM32F1xx_HAL_Driver/Src/stm32f1xx_hal_flash_ex.o
LOAD ./Drivers/STM32F1xx_HAL_Driver/Src/stm32f1xx_hal_gpio.o
LOAD ./Drivers/STM32F1xx_HAL_Driver/Src/stm32f1xx_hal_gpio_ex.o
LOAD ./Drivers/STM32F1xx_HAL_Driver/Src/stm32f1xx_hal_pcd.o
LOAD ./Drivers/STM32F1xx_HAL_Driver/Src/stm32f1xx_hal_pcd_ex.o
LOAD ./Drivers/STM32F1xx_HAL_Driver/Src/stm32f1xx_hal_pwr.o
LOAD ./Drivers/STM32F1xx_HAL_Driver/Src/stm32f1xx_hal_rcc.o
LOAD ./Drivers/STM32F1xx_HAL_Driver/Src/stm32f1xx_hal_rcc_ex.o
LOAD ./Drivers/STM32F1xx_HAL_Driver/Src/stm32f1xx_hal_tim.o
LOAD ./Drivers/STM32F1xx_HAL_Driver/Src/stm32f1xx_hal_tim_ex.o
LOAD ./Drivers/STM32F1xx_HAL_Driver/Src/stm32f1xx_ll_usb.o
LOAD ./Middlewares/ST/STM32_USB_Device_Library/Class/CDC/Src/usbd_cdc.o
LOAD ./Middlewares/ST/STM32_USB_Device_Library/Core/Src/usbd_core.o
LOAD ./Middlewares/ST/STM32_USB_Device_Library/Core/Src/usbd_ctlreq.o
LOAD ./Middlewares/ST/STM32_USB_Device_Library/Core/Src/usbd_ioreq.o
LOAD ./USB_DEVICE/App/usb_device.o
LOAD ./USB_DEVICE/App/usbd_cdc_if.o
LOAD ./USB_DEVICE/App/usbd_desc.o
LOAD ./USB_DEVICE/Target/usbd_conf.o
START GROUP
LOAD c:/st/stm32cubeide_1.6.1/stm32cubeide/plugins/com.st.stm32cube.ide.mcu.externaltools.gnu-tools-for-stm32.9-2020-q2-update.win32_2.0.0.202105311346/tools/bin/../lib/gcc/arm-none-eabi/9.3.1/../../../../arm-none-eabi/lib/thumb/v7-m/nofp\libc_nano.a
LOAD c:/st/stm32cubeide_1.6.1/stm32cubeide/plugins/com.st.stm32cube.ide.mcu.externaltools.gnu-tools-for-stm32.9-2020-q2-update.win32_2.0.0.202105311346/tools/bin/../lib/gcc/arm-none-eabi/9.3.1/../../../../arm-none-eabi/lib/thumb/v7-m/nofp\libm.a
END GROUP
START GROUP
LOAD c:/st/stm32cubeide_1.6.1/stm32cubeide/plugins/com.st.stm32cube.ide.mcu.externaltools.gnu-tools-for-stm32.9-2020-q2-update.win32_2.0.0.202105311346/tools/bin/../lib/gcc/arm-none-eabi/9.3.1/thumb/v7-m/nofp\libgcc.a
LOAD c:/st/stm32cubeide_1.6.1/stm32cubeide/plugins/com.st.stm32cube.ide.mcu.externaltools.gnu-tools-for-stm32.9-2020-q2-update.win32_2.0.0.202105311346/tools/bin/../lib/gcc/arm-none-eabi/9.3.1/../../../../arm-none-eabi/lib/thumb/v7-m/nofp\libc_nano.a
END GROUP
START GROUP
LOAD c:/st/stm32cubeide_1.6.1/stm32cubeide/plugins/com.st.stm32cube.ide.mcu.externaltools.gnu-tools-for-stm32.9-2020-q2-update.win32_2.0.0.202105311346/tools/bin/../lib/gcc/arm-none-eabi/9.3.1/thumb/v7-m/nofp\libgcc.a
LOAD c:/st/stm32cubeide_1.6.1/stm32cubeide/plugins/com.st.stm32cube.ide.mcu.externaltools.gnu-tools-for-stm32.9-2020-q2-update.win32_2.0.0.202105311346/tools/bin/../lib/gcc/arm-none-eabi/9.3.1/../../../../arm-none-eabi/lib/thumb/v7-m/nofp\libc_nano.a
LOAD c:/st/stm32cubeide_1.6.1/stm32cubeide/plugins/com.st.stm32cube.ide.mcu.externaltools.gnu-tools-for-stm32.9-2020-q2-update.win32_2.0.0.202105311346/tools/bin/../lib/gcc/arm-none-eabi/9.3.1/../../../../arm-none-eabi/lib/thumb/v7-m/nofp\libnosys.a
END GROUP
START GROUP
LOAD c:/st/stm32cubeide_1.6.1/stm32cubeide/plugins/com.st.stm32cube.ide.mcu.externaltools.gnu-tools-for-stm32.9-2020-q2-update.win32_2.0.0.202105311346/tools/bin/../lib/gcc/arm-none-eabi/9.3.1/thumb/v7-m/nofp\libgcc.a
LOAD c:/st/stm32cubeide_1.6.1/stm32cubeide/plugins/com.st.stm32cube.ide.mcu.externaltools.gnu-tools-for-stm32.9-2020-q2-update.win32_2.0.0.202105311346/tools/bin/../lib/gcc/arm-none-eabi/9.3.1/../../../../arm-none-eabi/lib/thumb/v7-m/nofp\libc_nano.a
LOAD c:/st/stm32cubeide_1.6.1/stm32cubeide/plugins/com.st.stm32cube.ide.mcu.externaltools.gnu-tools-for-stm32.9-2020-q2-update.win32_2.0.0.202105311346/tools/bin/../lib/gcc/arm-none-eabi/9.3.1/../../../../arm-none-eabi/lib/thumb/v7-m/nofp\libnosys.a
END GROUP
LOAD c:/st/stm32cubeide_1.6.1/stm32cubeide/plugins/com.st.stm32cube.ide.mcu.externaltools.gnu-tools-for-stm32.9-2020-q2-update.win32_2.0.0.202105311346/tools/bin/../lib/gcc/arm-none-eabi/9.3.1/thumb/v7-m/nofp/crtend.o
LOAD c:/st/stm32cubeide_1.6.1/stm32cubeide/plugins/com.st.stm32cube.ide.mcu.externaltools.gnu-tools-for-stm32.9-2020-q2-update.win32_2.0.0.202105311346/tools/bin/../lib/gcc/arm-none-eabi/9.3.1/thumb/v7-m/nofp/crtn.o
                0x0000000020004ff0                _estack = (ORIGIN (RAM) + LENGTH (RAM))
                0x0000000000000200                _Min_Heap_Size = 0x200
                0x0000000000000400                _Min_Stack_Size = 0x400

.isr_vector     0x0000000008000000      0x10c
                0x0000000008000000                . = ALIGN (0x4)
 *(.isr_vector)
 .isr_vector    0x0000000008000000      0x10c ./Core/Startup/startup_stm32f103c8tx.o
                0x0000000008000000                g_pfnVectors
                0x000000000800010c                . = ALIGN (0x4)

.text           0x000000000800010c     0x3fc8
                0x000000000800010c                . = ALIGN (0x4)
 *(.text)
 .text          0x000000000800010c       0x40 c:/st/stm32cubeide_1.6.1/stm32cubeide/plugins/com.st.stm32cube.ide.mcu.externaltools.gnu-tools-for-stm32.9-2020-q2-update.win32_2.0.0.202105311346/tools/bin/../lib/gcc/arm-none-eabi/9.3.1/thumb/v7-m/nofp/crtbegin.o
 *(.text*)
 .text.unlockMemory
                0x000000000800014c       0x2c ./Core/Src/bootloader.o
 .text.lockMemory
                0x0000000008000178       0x30 ./Core/Src/bootloader.o
 .text.deinitEverything
                0x00000000080001a8       0x58 ./Core/Src/bootloader.o
                0x00000000080001a8                deinitEverything
 .text.flashWord
                0x0000000008000200       0x9c ./Core/Src/bootloader.o
                0x0000000008000200                flashWord
 .text.errorBlink
                0x000000000800029c      0x188 ./Core/Src/bootloader.o
                0x000000000800029c                errorBlink
 .text.jumpToApp
                0x0000000008000424       0x4c ./Core/Src/bootloader.o
                0x0000000008000424                jumpToApp
 .text.bootloaderInit
                0x0000000008000470       0xd8 ./Core/Src/bootloader.o
                0x0000000008000470                bootloaderInit
 .text.eraseMemory
                0x0000000008000548       0x48 ./Core/Src/bootloader.o
 .text.string_compare
                0x0000000008000590       0x26 ./Core/Src/bootloader.o
                0x0000000008000590                string_compare
 *fill*         0x00000000080005b6        0x2 
 .text.commandDecoding
                0x00000000080005b8       0x6c ./Core/Src/bootloader.o
                0x00000000080005b8                commandDecoding
 .text.messageHandler
                0x0000000008000624       0xd4 ./Core/Src/bootloader.o
                0x0000000008000624                messageHandler
 .text.SystemClock_Config
                0x00000000080006f8       0x80 ./Core/Src/main.o
                0x00000000080006f8                SystemClock_Config
 .text.startup.main
                0x0000000008000778       0x9c ./Core/Src/main.o
                0x0000000008000778                main
 .text.Error_Handler
                0x0000000008000814        0x4 ./Core/Src/main.o
                0x0000000008000814                Error_Handler
 .text.HAL_MspInit
                0x0000000008000818       0x44 ./Core/Src/stm32f1xx_hal_msp.o
                0x0000000008000818                HAL_MspInit
 .text.NMI_Handler
                0x000000000800085c        0x2 ./Core/Src/stm32f1xx_it.o
                0x000000000800085c                NMI_Handler
 .text.HardFault_Handler
                0x000000000800085e        0x2 ./Core/Src/stm32f1xx_it.o
                0x000000000800085e                HardFault_Handler
 .text.MemManage_Handler
                0x0000000008000860        0x2 ./Core/Src/stm32f1xx_it.o
                0x0000000008000860                MemManage_Handler
 .text.BusFault_Handler
                0x0000000008000862        0x2 ./Core/Src/stm32f1xx_it.o
                0x0000000008000862                BusFault_Handler
 .text.UsageFault_Handler
                0x0000000008000864        0x2 ./Core/Src/stm32f1xx_it.o
                0x0000000008000864                UsageFault_Handler
 .text.SVC_Handler
                0x0000000008000866        0x2 ./Core/Src/stm32f1xx_it.o
                0x0000000008000866                SVC_Handler
 .text.DebugMon_Handler
                0x0000000008000868        0x2 ./Core/Src/stm32f1xx_it.o
                0x0000000008000868                DebugMon_Handler
 .text.PendSV_Handler
                0x000000000800086a        0x2 ./Core/Src/stm32f1xx_it.o
                0x000000000800086a                PendSV_Handler
 .text.SysTick_Handler
                0x000000000800086c        0x4 ./Core/Src/stm32f1xx_it.o
                0x000000000800086c                SysTick_Handler
 .text.USB_LP_CAN1_RX0_IRQHandler
                0x0000000008000870        0xc ./Core/Src/stm32f1xx_it.o
                0x0000000008000870                USB_LP_CAN1_RX0_IRQHandler
 .text.SystemInit
                0x000000000800087c        0x2 ./Core/Src/system_stm32f1xx.o
                0x000000000800087c                SystemInit
 *fill*         0x000000000800087e        0x2 
 .text.Reset_Handler
                0x0000000008000880       0x48 ./Core/Startup/startup_stm32f103c8tx.o
                0x0000000008000880                Reset_Handler
 .text.Default_Handler
                0x00000000080008c8        0x2 ./Core/Startup/startup_stm32f103c8tx.o
                0x00000000080008c8                RTC_Alarm_IRQHandler
                0x00000000080008c8                EXTI2_IRQHandler
                0x00000000080008c8                TIM1_CC_IRQHandler
                0x00000000080008c8                PVD_IRQHandler
                0x00000000080008c8                EXTI3_IRQHandler
                0x00000000080008c8                EXTI0_IRQHandler
                0x00000000080008c8                I2C2_EV_IRQHandler
                0x00000000080008c8                ADC1_2_IRQHandler
                0x00000000080008c8                SPI1_IRQHandler
                0x00000000080008c8                TAMPER_IRQHandler
                0x00000000080008c8                DMA1_Channel4_IRQHandler
                0x00000000080008c8                USART3_IRQHandler
                0x00000000080008c8                RTC_IRQHandler
                0x00000000080008c8                DMA1_Channel7_IRQHandler
                0x00000000080008c8                CAN1_RX1_IRQHandler
                0x00000000080008c8                TIM4_IRQHandler
                0x00000000080008c8                I2C1_EV_IRQHandler
                0x00000000080008c8                DMA1_Channel6_IRQHandler
                0x00000000080008c8                TIM3_IRQHandler
                0x00000000080008c8                RCC_IRQHandler
                0x00000000080008c8                TIM1_TRG_COM_IRQHandler
                0x00000000080008c8                DMA1_Channel1_IRQHandler
                0x00000000080008c8                Default_Handler
                0x00000000080008c8                EXTI15_10_IRQHandler
                0x00000000080008c8                EXTI9_5_IRQHandler
                0x00000000080008c8                SPI2_IRQHandler
                0x00000000080008c8                DMA1_Channel5_IRQHandler
                0x00000000080008c8                EXTI4_IRQHandler
                0x00000000080008c8                USB_HP_CAN1_TX_IRQHandler
                0x00000000080008c8                DMA1_Channel3_IRQHandler
                0x00000000080008c8                TIM1_UP_IRQHandler
                0x00000000080008c8                WWDG_IRQHandler
                0x00000000080008c8                TIM2_IRQHandler
                0x00000000080008c8                TIM1_BRK_IRQHandler
                0x00000000080008c8                EXTI1_IRQHandler
                0x00000000080008c8                USART2_IRQHandler
                0x00000000080008c8                I2C2_ER_IRQHandler
                0x00000000080008c8                DMA1_Channel2_IRQHandler
                0x00000000080008c8                CAN1_SCE_IRQHandler
                0x00000000080008c8                FLASH_IRQHandler
                0x00000000080008c8                USART1_IRQHandler
                0x00000000080008c8                I2C1_ER_IRQHandler
                0x00000000080008c8                USBWakeUp_IRQHandler
 .text.HAL_MspDeInit
                0x00000000080008ca        0x2 ./Drivers/STM32F1xx_HAL_Driver/Src/stm32f1xx_hal.o
                0x00000000080008ca                HAL_MspDeInit
 .text.HAL_DeInit
                0x00000000080008cc       0x20 ./Drivers/STM32F1xx_HAL_Driver/Src/stm32f1xx_hal.o
                0x00000000080008cc                HAL_DeInit
 .text.HAL_InitTick
                0x00000000080008ec       0x48 ./Drivers/STM32F1xx_HAL_Driver/Src/stm32f1xx_hal.o
                0x00000000080008ec                HAL_InitTick
 .text.HAL_Init
                0x0000000008000934       0x24 ./Drivers/STM32F1xx_HAL_Driver/Src/stm32f1xx_hal.o
                0x0000000008000934                HAL_Init
 .text.HAL_IncTick
                0x0000000008000958       0x18 ./Drivers/STM32F1xx_HAL_Driver/Src/stm32f1xx_hal.o
                0x0000000008000958                HAL_IncTick
 .text.HAL_GetTick
                0x0000000008000970        0xc ./Drivers/STM32F1xx_HAL_Driver/Src/stm32f1xx_hal.o
                0x0000000008000970                HAL_GetTick
 .text.HAL_Delay
                0x000000000800097c       0x24 ./Drivers/STM32F1xx_HAL_Driver/Src/stm32f1xx_hal.o
                0x000000000800097c                HAL_Delay
 .text.HAL_NVIC_SetPriorityGrouping
                0x00000000080009a0       0x24 ./Drivers/STM32F1xx_HAL_Driver/Src/stm32f1xx_hal_cortex.o
                0x00000000080009a0                HAL_NVIC_SetPriorityGrouping
 .text.HAL_NVIC_SetPriority
                0x00000000080009c4       0x64 ./Drivers/STM32F1xx_HAL_Driver/Src/stm32f1xx_hal_cortex.o
                0x00000000080009c4                HAL_NVIC_SetPriority
 .text.HAL_NVIC_EnableIRQ
                0x0000000008000a28       0x1c ./Drivers/STM32F1xx_HAL_Driver/Src/stm32f1xx_hal_cortex.o
                0x0000000008000a28                HAL_NVIC_EnableIRQ
 .text.HAL_NVIC_DisableIRQ
                0x0000000008000a44       0x28 ./Drivers/STM32F1xx_HAL_Driver/Src/stm32f1xx_hal_cortex.o
                0x0000000008000a44                HAL_NVIC_DisableIRQ
 .text.HAL_SYSTICK_Config
                0x0000000008000a6c       0x2c ./Drivers/STM32F1xx_HAL_Driver/Src/stm32f1xx_hal_cortex.o
                0x0000000008000a6c                HAL_SYSTICK_Config
 .text.FLASH_SetErrorCode
                0x0000000008000a98       0x50 ./Drivers/STM32F1xx_HAL_Driver/Src/stm32f1xx_hal_flash.o
 .text.HAL_FLASH_Unlock
                0x0000000008000ae8       0x24 ./Drivers/STM32F1xx_HAL_Driver/Src/stm32f1xx_hal_flash.o
                0x0000000008000ae8                HAL_FLASH_Unlock
 .text.HAL_FLASH_Lock
                0x0000000008000b0c       0x14 ./Drivers/STM32F1xx_HAL_Driver/Src/stm32f1xx_hal_flash.o
                0x0000000008000b0c                HAL_FLASH_Lock
 .text.HAL_FLASH_OB_Unlock
                0x0000000008000b20       0x24 ./Drivers/STM32F1xx_HAL_Driver/Src/stm32f1xx_hal_flash.o
                0x0000000008000b20                HAL_FLASH_OB_Unlock
 .text.HAL_FLASH_OB_Lock
                0x0000000008000b44       0x14 ./Drivers/STM32F1xx_HAL_Driver/Src/stm32f1xx_hal_flash.o
                0x0000000008000b44                HAL_FLASH_OB_Lock
 .text.FLASH_WaitForLastOperation
                0x0000000008000b58       0x54 ./Drivers/STM32F1xx_HAL_Driver/Src/stm32f1xx_hal_flash.o
                0x0000000008000b58                FLASH_WaitForLastOperation
 .text.HAL_FLASH_Program
                0x0000000008000bac       0xa4 ./Drivers/STM32F1xx_HAL_Driver/Src/stm32f1xx_hal_flash.o
                0x0000000008000bac                HAL_FLASH_Program
 .text.FLASH_MassErase.isra.0
                0x0000000008000c50       0x24 ./Drivers/STM32F1xx_HAL_Driver/Src/stm32f1xx_hal_flash_ex.o
 .text.FLASH_PageErase
                0x0000000008000c74       0x24 ./Drivers/STM32F1xx_HAL_Driver/Src/stm32f1xx_hal_flash_ex.o
                0x0000000008000c74                FLASH_PageErase
 .text.HAL_FLASHEx_Erase
                0x0000000008000c98       0x98 ./Drivers/STM32F1xx_HAL_Driver/Src/stm32f1xx_hal_flash_ex.o
                0x0000000008000c98                HAL_FLASHEx_Erase
 .text.HAL_GPIO_Init
                0x0000000008000d30      0x1b8 ./Drivers/STM32F1xx_HAL_Driver/Src/stm32f1xx_hal_gpio.o
                0x0000000008000d30                HAL_GPIO_Init
 .text.HAL_GPIO_DeInit
                0x0000000008000ee8       0xdc ./Drivers/STM32F1xx_HAL_Driver/Src/stm32f1xx_hal_gpio.o
                0x0000000008000ee8                HAL_GPIO_DeInit
 .text.HAL_GPIO_WritePin
                0x0000000008000fc4        0xa ./Drivers/STM32F1xx_HAL_Driver/Src/stm32f1xx_hal_gpio.o
                0x0000000008000fc4                HAL_GPIO_WritePin
 .text.HAL_PCD_Init
                0x0000000008000fce       0xf2 ./Drivers/STM32F1xx_HAL_Driver/Src/stm32f1xx_hal_pcd.o
                0x0000000008000fce                HAL_PCD_Init
 .text.HAL_PCD_DeInit
                0x00000000080010c0       0x2a ./Drivers/STM32F1xx_HAL_Driver/Src/stm32f1xx_hal_pcd.o
                0x00000000080010c0                HAL_PCD_DeInit
 .text.HAL_PCD_Start
                0x00000000080010ea       0x32 ./Drivers/STM32F1xx_HAL_Driver/Src/stm32f1xx_hal_pcd.o
                0x00000000080010ea                HAL_PCD_Start
 .text.HAL_PCD_Stop
                0x000000000800111c       0x32 ./Drivers/STM32F1xx_HAL_Driver/Src/stm32f1xx_hal_pcd.o
                0x000000000800111c                HAL_PCD_Stop
 .text.HAL_PCD_SetAddress
                0x000000000800114e       0x28 ./Drivers/STM32F1xx_HAL_Driver/Src/stm32f1xx_hal_pcd.o
                0x000000000800114e                HAL_PCD_SetAddress
 *fill*         0x0000000008001176        0x2 
 .text.HAL_PCD_IRQHandler
                0x0000000008001178      0x9a8 ./Drivers/STM32F1xx_HAL_Driver/Src/stm32f1xx_hal_pcd.o
                0x0000000008001178                HAL_PCD_IRQHandler
 .text.HAL_PCD_EP_Open
                0x0000000008001b20       0x64 ./Drivers/STM32F1xx_HAL_Driver/Src/stm32f1xx_hal_pcd.o
                0x0000000008001b20                HAL_PCD_EP_Open
 .text.HAL_PCD_EP_Close
                0x0000000008001b84       0x52 ./Drivers/STM32F1xx_HAL_Driver/Src/stm32f1xx_hal_pcd.o
                0x0000000008001b84                HAL_PCD_EP_Close
 .text.HAL_PCD_EP_Receive
                0x0000000008001bd6       0x2e ./Drivers/STM32F1xx_HAL_Driver/Src/stm32f1xx_hal_pcd.o
                0x0000000008001bd6                HAL_PCD_EP_Receive
 .text.HAL_PCD_EP_GetRxCount
                0x0000000008001c04       0x10 ./Drivers/STM32F1xx_HAL_Driver/Src/stm32f1xx_hal_pcd.o
                0x0000000008001c04                HAL_PCD_EP_GetRxCount
 .text.HAL_PCD_EP_Transmit
                0x0000000008001c14       0x34 ./Drivers/STM32F1xx_HAL_Driver/Src/stm32f1xx_hal_pcd.o
                0x0000000008001c14                HAL_PCD_EP_Transmit
 .text.HAL_PCD_EP_SetStall
                0x0000000008001c48       0x68 ./Drivers/STM32F1xx_HAL_Driver/Src/stm32f1xx_hal_pcd.o
                0x0000000008001c48                HAL_PCD_EP_SetStall
 .text.HAL_PCD_EP_ClrStall
                0x0000000008001cb0       0x64 ./Drivers/STM32F1xx_HAL_Driver/Src/stm32f1xx_hal_pcd.o
                0x0000000008001cb0                HAL_PCD_EP_ClrStall
 .text.HAL_PCDEx_PMAConfig
                0x0000000008001d14       0x32 ./Drivers/STM32F1xx_HAL_Driver/Src/stm32f1xx_hal_pcd_ex.o
                0x0000000008001d14                HAL_PCDEx_PMAConfig
 *fill*         0x0000000008001d46        0x2 
 .text.HAL_RCC_DeInit
                0x0000000008001d48       0xd8 ./Drivers/STM32F1xx_HAL_Driver/Src/stm32f1xx_hal_rcc.o
                0x0000000008001d48                HAL_RCC_DeInit
 .text.HAL_RCC_OscConfig
                0x0000000008001e20      0x338 ./Drivers/STM32F1xx_HAL_Driver/Src/stm32f1xx_hal_rcc.o
                0x0000000008001e20                HAL_RCC_OscConfig
 .text.HAL_RCC_GetSysClockFreq
                0x0000000008002158       0x74 ./Drivers/STM32F1xx_HAL_Driver/Src/stm32f1xx_hal_rcc.o
                0x0000000008002158                HAL_RCC_GetSysClockFreq
 .text.HAL_RCC_ClockConfig
                0x00000000080021cc      0x138 ./Drivers/STM32F1xx_HAL_Driver/Src/stm32f1xx_hal_rcc.o
                0x00000000080021cc                HAL_RCC_ClockConfig
 .text.HAL_RCCEx_PeriphCLKConfig
                0x0000000008002304       0xf0 ./Drivers/STM32F1xx_HAL_Driver/Src/stm32f1xx_hal_rcc_ex.o
                0x0000000008002304                HAL_RCCEx_PeriphCLKConfig
 .text.USB_CoreInit
                0x00000000080023f4        0xe ./Drivers/STM32F1xx_HAL_Driver/Src/stm32f1xx_ll_usb.o
                0x00000000080023f4                USB_CoreInit
 .text.USB_EnableGlobalInt
                0x0000000008002402       0x12 ./Drivers/STM32F1xx_HAL_Driver/Src/stm32f1xx_ll_usb.o
                0x0000000008002402                USB_EnableGlobalInt
 .text.USB_DisableGlobalInt
                0x0000000008002414       0x14 ./Drivers/STM32F1xx_HAL_Driver/Src/stm32f1xx_ll_usb.o
                0x0000000008002414                USB_DisableGlobalInt
 .text.USB_SetCurrentMode
                0x0000000008002428        0x4 ./Drivers/STM32F1xx_HAL_Driver/Src/stm32f1xx_ll_usb.o
                0x0000000008002428                USB_SetCurrentMode
 .text.USB_DevInit
                0x000000000800242c       0x28 ./Drivers/STM32F1xx_HAL_Driver/Src/stm32f1xx_ll_usb.o
                0x000000000800242c                USB_DevInit
 .text.USB_ActivateEndpoint
                0x0000000008002454      0x2b0 ./Drivers/STM32F1xx_HAL_Driver/Src/stm32f1xx_ll_usb.o
                0x0000000008002454                USB_ActivateEndpoint
 .text.USB_DeactivateEndpoint
                0x0000000008002704      0x1be ./Drivers/STM32F1xx_HAL_Driver/Src/stm32f1xx_ll_usb.o
                0x0000000008002704                USB_DeactivateEndpoint
 .text.USB_EPSetStall
                0x00000000080028c2       0x40 ./Drivers/STM32F1xx_HAL_Driver/Src/stm32f1xx_ll_usb.o
                0x00000000080028c2                USB_EPSetStall
 .text.USB_EPClearStall
                0x0000000008002902       0x96 ./Drivers/STM32F1xx_HAL_Driver/Src/stm32f1xx_ll_usb.o
                0x0000000008002902                USB_EPClearStall
 .text.USB_StopDevice
                0x0000000008002998       0x16 ./Drivers/STM32F1xx_HAL_Driver/Src/stm32f1xx_ll_usb.o
                0x0000000008002998                USB_StopDevice
 .text.USB_SetDevAddress
                0x00000000080029ae        0xc ./Drivers/STM32F1xx_HAL_Driver/Src/stm32f1xx_ll_usb.o
                0x00000000080029ae                USB_SetDevAddress
 .text.USB_DevConnect
                0x00000000080029ba        0x4 ./Drivers/STM32F1xx_HAL_Driver/Src/stm32f1xx_ll_usb.o
                0x00000000080029ba                USB_DevConnect
 .text.USB_DevDisconnect
                0x00000000080029be        0x4 ./Drivers/STM32F1xx_HAL_Driver/Src/stm32f1xx_ll_usb.o
                0x00000000080029be                USB_DevDisconnect
 .text.USB_ReadInterrupts
                0x00000000080029c2        0x8 ./Drivers/STM32F1xx_HAL_Driver/Src/stm32f1xx_ll_usb.o
                0x00000000080029c2                USB_ReadInterrupts
 .text.USB_EP0_OutStart
                0x00000000080029ca        0x4 ./Drivers/STM32F1xx_HAL_Driver/Src/stm32f1xx_ll_usb.o
                0x00000000080029ca                USB_EP0_OutStart
 .text.USB_WritePMA
                0x00000000080029ce       0x20 ./Drivers/STM32F1xx_HAL_Driver/Src/stm32f1xx_ll_usb.o
                0x00000000080029ce                USB_WritePMA
 *fill*         0x00000000080029ee        0x2 
 .text.USB_EPStartXfer
                0x00000000080029f0      0x71c ./Drivers/STM32F1xx_HAL_Driver/Src/stm32f1xx_ll_usb.o
                0x00000000080029f0                USB_EPStartXfer
 .text.USB_ReadPMA
                0x000000000800310c       0x38 ./Drivers/STM32F1xx_HAL_Driver/Src/stm32f1xx_ll_usb.o
                0x000000000800310c                USB_ReadPMA
 .text.USBD_CDC_EP0_RxReady
                0x0000000008003144       0x28 ./Middlewares/ST/STM32_USB_Device_Library/Class/CDC/Src/usbd_cdc.o
 .text.USBD_CDC_GetFSCfgDesc
                0x000000000800316c        0xc ./Middlewares/ST/STM32_USB_Device_Library/Class/CDC/Src/usbd_cdc.o
 .text.USBD_CDC_GetHSCfgDesc
                0x0000000008003178        0xc ./Middlewares/ST/STM32_USB_Device_Library/Class/CDC/Src/usbd_cdc.o
 .text.USBD_CDC_GetOtherSpeedCfgDesc
                0x0000000008003184        0xc ./Middlewares/ST/STM32_USB_Device_Library/Class/CDC/Src/usbd_cdc.o
 .text.USBD_CDC_GetDeviceQualifierDescriptor
                0x0000000008003190        0xc ./Middlewares/ST/STM32_USB_Device_Library/Class/CDC/Src/usbd_cdc.o
                0x0000000008003190                USBD_CDC_GetDeviceQualifierDescriptor
 .text.USBD_CDC_DataOut
                0x000000000800319c       0x2e ./Middlewares/ST/STM32_USB_Device_Library/Class/CDC/Src/usbd_cdc.o
 .text.USBD_CDC_DataIn
                0x00000000080031ca       0x42 ./Middlewares/ST/STM32_USB_Device_Library/Class/CDC/Src/usbd_cdc.o
 .text.USBD_CDC_Setup
                0x000000000800320c       0xb6 ./Middlewares/ST/STM32_USB_Device_Library/Class/CDC/Src/usbd_cdc.o
 .text.USBD_CDC_DeInit
                0x00000000080032c2       0x42 ./Middlewares/ST/STM32_USB_Device_Library/Class/CDC/Src/usbd_cdc.o
 .text.USBD_CDC_Init
                0x0000000008003304       0xa2 ./Middlewares/ST/STM32_USB_Device_Library/Class/CDC/Src/usbd_cdc.o
 .text.USBD_CDC_RegisterInterface
                0x00000000080033a6        0xe ./Middlewares/ST/STM32_USB_Device_Library/Class/CDC/Src/usbd_cdc.o
                0x00000000080033a6                USBD_CDC_RegisterInterface
 .text.USBD_CDC_SetTxBuffer
                0x00000000080033b4       0x10 ./Middlewares/ST/STM32_USB_Device_Library/Class/CDC/Src/usbd_cdc.o
                0x00000000080033b4                USBD_CDC_SetTxBuffer
 .text.USBD_CDC_SetRxBuffer
                0x00000000080033c4        0xc ./Middlewares/ST/STM32_USB_Device_Library/Class/CDC/Src/usbd_cdc.o
                0x00000000080033c4                USBD_CDC_SetRxBuffer
 .text.USBD_CDC_TransmitPacket
                0x00000000080033d0       0x32 ./Middlewares/ST/STM32_USB_Device_Library/Class/CDC/Src/usbd_cdc.o
                0x00000000080033d0                USBD_CDC_TransmitPacket
 .text.USBD_CDC_ReceivePacket
                0x0000000008003402       0x2e ./Middlewares/ST/STM32_USB_Device_Library/Class/CDC/Src/usbd_cdc.o
                0x0000000008003402                USBD_CDC_ReceivePacket
 .text.USBD_Init
                0x0000000008003430       0x2a ./Middlewares/ST/STM32_USB_Device_Library/Core/Src/usbd_core.o
                0x0000000008003430                USBD_Init
 .text.USBD_DeInit
                0x000000000800345a       0x24 ./Middlewares/ST/STM32_USB_Device_Library/Core/Src/usbd_core.o
                0x000000000800345a                USBD_DeInit
 .text.USBD_RegisterClass
                0x000000000800347e        0xe ./Middlewares/ST/STM32_USB_Device_Library/Core/Src/usbd_core.o
                0x000000000800347e                USBD_RegisterClass
 .text.USBD_Start
                0x000000000800348c        0xa ./Middlewares/ST/STM32_USB_Device_Library/Core/Src/usbd_core.o
                0x000000000800348c                USBD_Start
 .text.USBD_SetClassConfig
                0x0000000008003496       0x16 ./Middlewares/ST/STM32_USB_Device_Library/Core/Src/usbd_core.o
                0x0000000008003496                USBD_SetClassConfig
 .text.USBD_ClrClassConfig
                0x00000000080034ac        0xe ./Middlewares/ST/STM32_USB_Device_Library/Core/Src/usbd_core.o
                0x00000000080034ac                USBD_ClrClassConfig
 .text.USBD_LL_SetupStage
                0x00000000080034ba       0x5a ./Middlewares/ST/STM32_USB_Device_Library/Core/Src/usbd_core.o
                0x00000000080034ba                USBD_LL_SetupStage
 .text.USBD_LL_DataOutStage
                0x0000000008003514       0x74 ./Middlewares/ST/STM32_USB_Device_Library/Core/Src/usbd_core.o
                0x0000000008003514                USBD_LL_DataOutStage
 .text.USBD_LL_DataInStage
                0x0000000008003588       0xb6 ./Middlewares/ST/STM32_USB_Device_Library/Core/Src/usbd_core.o
                0x0000000008003588                USBD_LL_DataInStage
 .text.USBD_LL_Reset
                0x000000000800363e       0x4e ./Middlewares/ST/STM32_USB_Device_Library/Core/Src/usbd_core.o
                0x000000000800363e                USBD_LL_Reset
 .text.USBD_LL_SetSpeed
                0x000000000800368c        0x6 ./Middlewares/ST/STM32_USB_Device_Library/Core/Src/usbd_core.o
                0x000000000800368c                USBD_LL_SetSpeed
 .text.USBD_LL_Suspend
                0x0000000008003692       0x12 ./Middlewares/ST/STM32_USB_Device_Library/Core/Src/usbd_core.o
                0x0000000008003692                USBD_LL_Suspend
 .text.USBD_LL_Resume
                0x00000000080036a4       0x14 ./Middlewares/ST/STM32_USB_Device_Library/Core/Src/usbd_core.o
                0x00000000080036a4                USBD_LL_Resume
 .text.USBD_LL_SOF
                0x00000000080036b8       0x18 ./Middlewares/ST/STM32_USB_Device_Library/Core/Src/usbd_core.o
                0x00000000080036b8                USBD_LL_SOF
 .text.USBD_CtlError.constprop.0
                0x00000000080036d0       0x16 ./Middlewares/ST/STM32_USB_Device_Library/Core/Src/usbd_ctlreq.o
 *fill*         0x00000000080036e6        0x2 
 .text.USBD_StdDevReq
                0x00000000080036e8      0x254 ./Middlewares/ST/STM32_USB_Device_Library/Core/Src/usbd_ctlreq.o
                0x00000000080036e8                USBD_StdDevReq
 .text.USBD_StdItfReq
                0x000000000800393c       0x48 ./Middlewares/ST/STM32_USB_Device_Library/Core/Src/usbd_ctlreq.o
                0x000000000800393c                USBD_StdItfReq
 .text.USBD_StdEPReq
                0x0000000008003984      0x114 ./Middlewares/ST/STM32_USB_Device_Library/Core/Src/usbd_ctlreq.o
                0x0000000008003984                USBD_StdEPReq
 .text.USBD_ParseSetupRequest
                0x0000000008003a98       0x28 ./Middlewares/ST/STM32_USB_Device_Library/Core/Src/usbd_ctlreq.o
                0x0000000008003a98                USBD_ParseSetupRequest
 .text.USBD_CtlError
                0x0000000008003ac0       0x16 ./Middlewares/ST/STM32_USB_Device_Library/Core/Src/usbd_ctlreq.o
                0x0000000008003ac0                USBD_CtlError
 .text.USBD_GetString
                0x0000000008003ad6       0x38 ./Middlewares/ST/STM32_USB_Device_Library/Core/Src/usbd_ctlreq.o
                0x0000000008003ad6                USBD_GetString
 .text.USBD_CtlSendData
                0x0000000008003b0e       0x1a ./Middlewares/ST/STM32_USB_Device_Library/Core/Src/usbd_ioreq.o
                0x0000000008003b0e                USBD_CtlSendData
 .text.USBD_CtlContinueSendData
                0x0000000008003b28       0x10 ./Middlewares/ST/STM32_USB_Device_Library/Core/Src/usbd_ioreq.o
                0x0000000008003b28                USBD_CtlContinueSendData
 .text.USBD_CtlPrepareRx
                0x0000000008003b38       0x1a ./Middlewares/ST/STM32_USB_Device_Library/Core/Src/usbd_ioreq.o
                0x0000000008003b38                USBD_CtlPrepareRx
 .text.USBD_CtlContinueRx
                0x0000000008003b52       0x10 ./Middlewares/ST/STM32_USB_Device_Library/Core/Src/usbd_ioreq.o
                0x0000000008003b52                USBD_CtlContinueRx
 .text.USBD_CtlSendStatus
                0x0000000008003b62       0x16 ./Middlewares/ST/STM32_USB_Device_Library/Core/Src/usbd_ioreq.o
                0x0000000008003b62                USBD_CtlSendStatus
 .text.USBD_CtlReceiveStatus
                0x0000000008003b78       0x16 ./Middlewares/ST/STM32_USB_Device_Library/Core/Src/usbd_ioreq.o
                0x0000000008003b78                USBD_CtlReceiveStatus
 *fill*         0x0000000008003b8e        0x2 
 .text.MX_USB_DEVICE_Init
                0x0000000008003b90       0x50 ./USB_DEVICE/App/usb_device.o
                0x0000000008003b90                MX_USB_DEVICE_Init
 .text.CDC_DeInit_FS
                0x0000000008003be0        0x4 ./USB_DEVICE/App/usbd_cdc_if.o
 .text.CDC_Control_FS
                0x0000000008003be4        0x4 ./USB_DEVICE/App/usbd_cdc_if.o
 .text.CDC_Receive_FS
                0x0000000008003be8       0x74 ./USB_DEVICE/App/usbd_cdc_if.o
 .text.CDC_Init_FS
                0x0000000008003c5c       0x28 ./USB_DEVICE/App/usbd_cdc_if.o
 .text.CDC_Transmit_FS
                0x0000000008003c84       0x2c ./USB_DEVICE/App/usbd_cdc_if.o
                0x0000000008003c84                CDC_Transmit_FS
 .text.USBD_FS_DeviceDescriptor
                0x0000000008003cb0        0xc ./USB_DEVICE/App/usbd_desc.o
                0x0000000008003cb0                USBD_FS_DeviceDescriptor
 .text.USBD_FS_LangIDStrDescriptor
                0x0000000008003cbc        0xc ./USB_DEVICE/App/usbd_desc.o
                0x0000000008003cbc                USBD_FS_LangIDStrDescriptor
 .text.IntToUnicode
                0x0000000008003cc8       0x2a ./USB_DEVICE/App/usbd_desc.o
 *fill*         0x0000000008003cf2        0x2 
 .text.USBD_FS_SerialStrDescriptor
                0x0000000008003cf4       0x40 ./USB_DEVICE/App/usbd_desc.o
                0x0000000008003cf4                USBD_FS_SerialStrDescriptor
 .text.USBD_FS_ManufacturerStrDescriptor
                0x0000000008003d34       0x1c ./USB_DEVICE/App/usbd_desc.o
                0x0000000008003d34                USBD_FS_ManufacturerStrDescriptor
 .text.USBD_FS_ProductStrDescriptor
                0x0000000008003d50       0x1c ./USB_DEVICE/App/usbd_desc.o
                0x0000000008003d50                USBD_FS_ProductStrDescriptor
 .text.USBD_FS_ConfigStrDescriptor
                0x0000000008003d6c       0x1c ./USB_DEVICE/App/usbd_desc.o
                0x0000000008003d6c                USBD_FS_ConfigStrDescriptor
 .text.USBD_FS_InterfaceStrDescriptor
                0x0000000008003d88       0x1c ./USB_DEVICE/App/usbd_desc.o
                0x0000000008003d88                USBD_FS_InterfaceStrDescriptor
 .text.HAL_PCD_MspInit
                0x0000000008003da4       0x40 ./USB_DEVICE/Target/usbd_conf.o
                0x0000000008003da4                HAL_PCD_MspInit
 .text.HAL_PCD_MspDeInit
                0x0000000008003de4       0x24 ./USB_DEVICE/Target/usbd_conf.o
                0x0000000008003de4                HAL_PCD_MspDeInit
 .text.HAL_PCD_SetupStageCallback
                0x0000000008003e08        0xc ./USB_DEVICE/Target/usbd_conf.o
                0x0000000008003e08                HAL_PCD_SetupStageCallback
 .text.HAL_PCD_DataOutStageCallback
                0x0000000008003e14       0x12 ./USB_DEVICE/Target/usbd_conf.o
                0x0000000008003e14                HAL_PCD_DataOutStageCallback
 .text.HAL_PCD_DataInStageCallback
                0x0000000008003e26       0x10 ./USB_DEVICE/Target/usbd_conf.o
                0x0000000008003e26                HAL_PCD_DataInStageCallback
 .text.HAL_PCD_SOFCallback
                0x0000000008003e36        0x8 ./USB_DEVICE/Target/usbd_conf.o
                0x0000000008003e36                HAL_PCD_SOFCallback
 .text.HAL_PCD_ResetCallback
                0x0000000008003e3e       0x24 ./USB_DEVICE/Target/usbd_conf.o
                0x0000000008003e3e                HAL_PCD_ResetCallback
 *fill*         0x0000000008003e62        0x2 
 .text.HAL_PCD_SuspendCallback
                0x0000000008003e64       0x20 ./USB_DEVICE/Target/usbd_conf.o
                0x0000000008003e64                HAL_PCD_SuspendCallback
 .text.HAL_PCD_ResumeCallback
                0x0000000008003e84        0x8 ./USB_DEVICE/Target/usbd_conf.o
                0x0000000008003e84                HAL_PCD_ResumeCallback
 .text.USBD_LL_Init
                0x0000000008003e8c       0x84 ./USB_DEVICE/Target/usbd_conf.o
                0x0000000008003e8c                USBD_LL_Init
 .text.USBD_LL_DeInit
                0x0000000008003f10       0x1c ./USB_DEVICE/Target/usbd_conf.o
                0x0000000008003f10                USBD_LL_DeInit
 .text.USBD_LL_Start
                0x0000000008003f2c       0x1c ./USB_DEVICE/Target/usbd_conf.o
                0x0000000008003f2c                USBD_LL_Start
 .text.USBD_LL_Stop
                0x0000000008003f48       0x1c ./USB_DEVICE/Target/usbd_conf.o
                0x0000000008003f48                USBD_LL_Stop
 .text.USBD_LL_OpenEP
                0x0000000008003f64       0x20 ./USB_DEVICE/Target/usbd_conf.o
                0x0000000008003f64                USBD_LL_OpenEP
 .text.USBD_LL_CloseEP
                0x0000000008003f84       0x1c ./USB_DEVICE/Target/usbd_conf.o
                0x0000000008003f84                USBD_LL_CloseEP
 .text.USBD_LL_StallEP
                0x0000000008003fa0       0x1c ./USB_DEVICE/Target/usbd_conf.o
                0x0000000008003fa0                USBD_LL_StallEP
 .text.USBD_LL_ClearStallEP
                0x0000000008003fbc       0x1c ./USB_DEVICE/Target/usbd_conf.o
                0x0000000008003fbc                USBD_LL_ClearStallEP
 .text.USBD_LL_IsStallEP
                0x0000000008003fd8       0x24 ./USB_DEVICE/Target/usbd_conf.o
                0x0000000008003fd8                USBD_LL_IsStallEP
 .text.USBD_LL_SetUSBAddress
                0x0000000008003ffc       0x1c ./USB_DEVICE/Target/usbd_conf.o
                0x0000000008003ffc                USBD_LL_SetUSBAddress
 .text.USBD_LL_Transmit
                0x0000000008004018       0x1c ./USB_DEVICE/Target/usbd_conf.o
                0x0000000008004018                USBD_LL_Transmit
 .text.USBD_LL_PrepareReceive
                0x0000000008004034       0x1c ./USB_DEVICE/Target/usbd_conf.o
                0x0000000008004034                USBD_LL_PrepareReceive
 .text.USBD_LL_GetRxDataSize
                0x0000000008004050        0x8 ./USB_DEVICE/Target/usbd_conf.o
                0x0000000008004050                USBD_LL_GetRxDataSize
 .text.USBD_static_malloc
                0x0000000008004058        0x8 ./USB_DEVICE/Target/usbd_conf.o
                0x0000000008004058                USBD_static_malloc
 .text.USBD_static_free
                0x0000000008004060        0x2 ./USB_DEVICE/Target/usbd_conf.o
                0x0000000008004060                USBD_static_free
 .text.HAL_PCDEx_SetConnectionState
                0x0000000008004062        0x2 ./USB_DEVICE/Target/usbd_conf.o
                0x0000000008004062                HAL_PCDEx_SetConnectionState
 .text.__libc_init_array
                0x0000000008004064       0x48 c:/st/stm32cubeide_1.6.1/stm32cubeide/plugins/com.st.stm32cube.ide.mcu.externaltools.gnu-tools-for-stm32.9-2020-q2-update.win32_2.0.0.202105311346/tools/bin/../lib/gcc/arm-none-eabi/9.3.1/../../../../arm-none-eabi/lib/thumb/v7-m/nofp\libc_nano.a(lib_a-init.o)
                0x0000000008004064                __libc_init_array
 .text.memset   0x00000000080040ac       0x10 c:/st/stm32cubeide_1.6.1/stm32cubeide/plugins/com.st.stm32cube.ide.mcu.externaltools.gnu-tools-for-stm32.9-2020-q2-update.win32_2.0.0.202105311346/tools/bin/../lib/gcc/arm-none-eabi/9.3.1/../../../../arm-none-eabi/lib/thumb/v7-m/nofp\libc_nano.a(lib_a-memset.o)
                0x00000000080040ac                memset
 *(.glue_7)
 .glue_7        0x00000000080040bc        0x0 linker stubs
 *(.glue_7t)
 .glue_7t       0x00000000080040bc        0x0 linker stubs
 *(.eh_frame)
 .eh_frame      0x00000000080040bc        0x0 c:/st/stm32cubeide_1.6.1/stm32cubeide/plugins/com.st.stm32cube.ide.mcu.externaltools.gnu-tools-for-stm32.9-2020-q2-update.win32_2.0.0.202105311346/tools/bin/../lib/gcc/arm-none-eabi/9.3.1/thumb/v7-m/nofp/crtbegin.o
 *(.init)
 .init          0x00000000080040bc        0x4 c:/st/stm32cubeide_1.6.1/stm32cubeide/plugins/com.st.stm32cube.ide.mcu.externaltools.gnu-tools-for-stm32.9-2020-q2-update.win32_2.0.0.202105311346/tools/bin/../lib/gcc/arm-none-eabi/9.3.1/thumb/v7-m/nofp/crti.o
                0x00000000080040bc                _init
 .init          0x00000000080040c0        0x8 c:/st/stm32cubeide_1.6.1/stm32cubeide/plugins/com.st.stm32cube.ide.mcu.externaltools.gnu-tools-for-stm32.9-2020-q2-update.win32_2.0.0.202105311346/tools/bin/../lib/gcc/arm-none-eabi/9.3.1/thumb/v7-m/nofp/crtn.o
 *(.fini)
 .fini          0x00000000080040c8        0x4 c:/st/stm32cubeide_1.6.1/stm32cubeide/plugins/com.st.stm32cube.ide.mcu.externaltools.gnu-tools-for-stm32.9-2020-q2-update.win32_2.0.0.202105311346/tools/bin/../lib/gcc/arm-none-eabi/9.3.1/thumb/v7-m/nofp/crti.o
                0x00000000080040c8                _fini
 .fini          0x00000000080040cc        0x8 c:/st/stm32cubeide_1.6.1/stm32cubeide/plugins/com.st.stm32cube.ide.mcu.externaltools.gnu-tools-for-stm32.9-2020-q2-update.win32_2.0.0.202105311346/tools/bin/../lib/gcc/arm-none-eabi/9.3.1/thumb/v7-m/nofp/crtn.o
                0x00000000080040d4                . = ALIGN (0x4)
                0x00000000080040d4                _etext = .

.vfp11_veneer   0x00000000080040d4        0x0
 .vfp11_veneer  0x00000000080040d4        0x0 linker stubs

.v4_bx          0x00000000080040d4        0x0
 .v4_bx         0x00000000080040d4        0x0 linker stubs

.iplt           0x00000000080040d4        0x0
 .iplt          0x00000000080040d4        0x0 c:/st/stm32cubeide_1.6.1/stm32cubeide/plugins/com.st.stm32cube.ide.mcu.externaltools.gnu-tools-for-stm32.9-2020-q2-update.win32_2.0.0.202105311346/tools/bin/../lib/gcc/arm-none-eabi/9.3.1/thumb/v7-m/nofp/crtbegin.o

.rodata         0x00000000080040d4      0x180
                0x00000000080040d4                . = ALIGN (0x4)
 *(.rodata)
 *(.rodata*)
 .rodata.flashWord.str1.1
                0x00000000080040d4       0x44 ./Core/Src/bootloader.o
 .rodata.commandDecoding.str1.1
                0x0000000008004118       0x4b ./Core/Src/bootloader.o
 .rodata.messageHandler.str1.1
                0x0000000008004163       0x91 ./Core/Src/bootloader.o
 .rodata.AHBPrescTable
                0x00000000080041f4       0x10 ./Core/Src/system_stm32f1xx.o
                0x00000000080041f4                AHBPrescTable
 .rodata.HAL_RCC_GetSysClockFreq.str1.1
                0x0000000008004204       0x11 ./Drivers/STM32F1xx_HAL_Driver/Src/stm32f1xx_hal_rcc.o
 .rodata.USBD_FS_ManufacturerStrDescriptor.str1.1
                0x0000000008004215        0xa ./USB_DEVICE/App/usbd_desc.o
 .rodata.USBD_FS_ProductStrDescriptor.str1.1
                0x000000000800421f       0x15 ./USB_DEVICE/App/usbd_desc.o
 .rodata.USBD_FS_ConfigStrDescriptor.str1.1
                0x0000000008004234        0xb ./USB_DEVICE/App/usbd_desc.o
 .rodata.USBD_FS_InterfaceStrDescriptor.str1.1
                0x000000000800423f        0xe ./USB_DEVICE/App/usbd_desc.o
 .rodata.CSWTCH.3
                0x000000000800424d        0x4 ./USB_DEVICE/Target/usbd_conf.o
                0x0000000008004254                . = ALIGN (0x4)
 *fill*         0x0000000008004251        0x3 

.rel.dyn        0x0000000008004254        0x0
 .rel.iplt      0x0000000008004254        0x0 c:/st/stm32cubeide_1.6.1/stm32cubeide/plugins/com.st.stm32cube.ide.mcu.externaltools.gnu-tools-for-stm32.9-2020-q2-update.win32_2.0.0.202105311346/tools/bin/../lib/gcc/arm-none-eabi/9.3.1/thumb/v7-m/nofp/crtbegin.o

.ARM.extab      0x0000000008004254        0x0
                0x0000000008004254                . = ALIGN (0x4)
 *(.ARM.extab* .gnu.linkonce.armextab.*)
                0x0000000008004254                . = ALIGN (0x4)

.ARM            0x0000000008004254        0x0
                0x0000000008004254                . = ALIGN (0x4)
                0x0000000008004254                __exidx_start = .
 *(.ARM.exidx*)
                0x0000000008004254                __exidx_end = .
                0x0000000008004254                . = ALIGN (0x4)

.preinit_array  0x0000000008004254        0x0
                0x0000000008004254                . = ALIGN (0x4)
                0x0000000008004254                PROVIDE (__preinit_array_start = .)
 *(.preinit_array*)
                0x0000000008004254                PROVIDE (__preinit_array_end = .)
                0x0000000008004254                . = ALIGN (0x4)

.init_array     0x0000000008004254        0x4
                0x0000000008004254                . = ALIGN (0x4)
                0x0000000008004254                PROVIDE (__init_array_start = .)
 *(SORT_BY_NAME(.init_array.*))
 *(.init_array*)
 .init_array    0x0000000008004254        0x4 c:/st/stm32cubeide_1.6.1/stm32cubeide/plugins/com.st.stm32cube.ide.mcu.externaltools.gnu-tools-for-stm32.9-2020-q2-update.win32_2.0.0.202105311346/tools/bin/../lib/gcc/arm-none-eabi/9.3.1/thumb/v7-m/nofp/crtbegin.o
                0x0000000008004258                PROVIDE (__init_array_end = .)
                0x0000000008004258                . = ALIGN (0x4)

.fini_array     0x0000000008004258        0x4
                0x0000000008004258                . = ALIGN (0x4)
                [!provide]                        PROVIDE (__fini_array_start = .)
 *(SORT_BY_NAME(.fini_array.*))
 *(.fini_array*)
 .fini_array    0x0000000008004258        0x4 c:/st/stm32cubeide_1.6.1/stm32cubeide/plugins/com.st.stm32cube.ide.mcu.externaltools.gnu-tools-for-stm32.9-2020-q2-update.win32_2.0.0.202105311346/tools/bin/../lib/gcc/arm-none-eabi/9.3.1/thumb/v7-m/nofp/crtbegin.o
                [!provide]                        PROVIDE (__fini_array_end = .)
                0x000000000800425c                . = ALIGN (0x4)
                0x000000000800425c                _sidata = LOADADDR (.data)

.data           0x0000000020000000      0x17c load address 0x000000000800425c
                0x0000000020000000                . = ALIGN (0x4)
                0x0000000020000000                _sdata = .
 *(.data)
 *(.data*)
 .data.SystemCoreClock
                0x0000000020000000        0x4 ./Core/Src/system_stm32f1xx.o
                0x0000000020000000                SystemCoreClock
 .data.uwTickFreq
                0x0000000020000004        0x1 ./Drivers/STM32F1xx_HAL_Driver/Src/stm32f1xx_hal.o
                0x0000000020000004                uwTickFreq
 *fill*         0x0000000020000005        0x3 
 .data.uwTickPrio
                0x0000000020000008        0x4 ./Drivers/STM32F1xx_HAL_Driver/Src/stm32f1xx_hal.o
                0x0000000020000008                uwTickPrio
 .data.USBD_CDC
                0x000000002000000c       0x38 ./Middlewares/ST/STM32_USB_Device_Library/Class/CDC/Src/usbd_cdc.o
                0x000000002000000c                USBD_CDC
 .data.USBD_CDC_CfgFSDesc
                0x0000000020000044       0x43 ./Middlewares/ST/STM32_USB_Device_Library/Class/CDC/Src/usbd_cdc.o
                0x0000000020000044                USBD_CDC_CfgFSDesc
 *fill*         0x0000000020000087        0x1 
 .data.USBD_CDC_CfgHSDesc
                0x0000000020000088       0x43 ./Middlewares/ST/STM32_USB_Device_Library/Class/CDC/Src/usbd_cdc.o
                0x0000000020000088                USBD_CDC_CfgHSDesc
 *fill*         0x00000000200000cb        0x1 
 .data.USBD_CDC_DeviceQualifierDesc
                0x00000000200000cc        0xa ./Middlewares/ST/STM32_USB_Device_Library/Class/CDC/Src/usbd_cdc.o
 *fill*         0x00000000200000d6        0x2 
 .data.USBD_CDC_OtherSpeedCfgDesc
                0x00000000200000d8       0x43 ./Middlewares/ST/STM32_USB_Device_Library/Class/CDC/Src/usbd_cdc.o
                0x00000000200000d8                USBD_CDC_OtherSpeedCfgDesc
 *fill*         0x000000002000011b        0x1 
 .data.USBD_Interface_fops_FS
                0x000000002000011c       0x10 ./USB_DEVICE/App/usbd_cdc_if.o
                0x000000002000011c                USBD_Interface_fops_FS
 .data.FS_Desc  0x000000002000012c       0x1c ./USB_DEVICE/App/usbd_desc.o
                0x000000002000012c                FS_Desc
 .data.USBD_FS_DeviceDesc
                0x0000000020000148       0x12 ./USB_DEVICE/App/usbd_desc.o
                0x0000000020000148                USBD_FS_DeviceDesc
 *fill*         0x000000002000015a        0x2 
 .data.USBD_LangIDDesc
                0x000000002000015c        0x4 ./USB_DEVICE/App/usbd_desc.o
                0x000000002000015c                USBD_LangIDDesc
 .data.USBD_StringSerial
                0x0000000020000160       0x1a ./USB_DEVICE/App/usbd_desc.o
                0x0000000020000160                USBD_StringSerial
 *(.RamFunc)
 *(.RamFunc*)
                0x000000002000017c                . = ALIGN (0x4)
 *fill*         0x000000002000017a        0x2 
                0x000000002000017c                _edata = .

.igot.plt       0x000000002000017c        0x0 load address 0x00000000080043d8
 .igot.plt      0x000000002000017c        0x0 c:/st/stm32cubeide_1.6.1/stm32cubeide/plugins/com.st.stm32cube.ide.mcu.externaltools.gnu-tools-for-stm32.9-2020-q2-update.win32_2.0.0.202105311346/tools/bin/../lib/gcc/arm-none-eabi/9.3.1/thumb/v7-m/nofp/crtbegin.o
                0x000000002000017c                . = ALIGN (0x4)

.bss            0x0000000020000180     0x11f0 load address 0x00000000080043d8
                0x0000000020000180                _sbss = .
                0x0000000020000180                __bss_start__ = _sbss
 *(.bss)
 .bss           0x0000000020000180       0x1c c:/st/stm32cubeide_1.6.1/stm32cubeide/plugins/com.st.stm32cube.ide.mcu.externaltools.gnu-tools-for-stm32.9-2020-q2-update.win32_2.0.0.202105311346/tools/bin/../lib/gcc/arm-none-eabi/9.3.1/thumb/v7-m/nofp/crtbegin.o
 *(.bss*)
 .bss.cfgidx.7702
                0x000000002000019c        0x1 ./Middlewares/ST/STM32_USB_Device_Library/Core/Src/usbd_ctlreq.o
 *fill*         0x000000002000019d        0x3 
 .bss.mem.7772  0x00000000200001a0      0x220 ./USB_DEVICE/Target/usbd_conf.o
 *(COMMON)
 COMMON         0x00000000200003c0        0x8 ./Core/Src/bootloader.o
                0x00000000200003c0                flashLocked
                0x00000000200003c1                flashStatus
                0x00000000200003c4                Flashed_offset
 COMMON         0x00000000200003c8        0x4 ./Drivers/STM32F1xx_HAL_Driver/Src/stm32f1xx_hal.o
                0x00000000200003c8                uwTick
 *fill*         0x00000000200003cc        0x4 
 COMMON         0x00000000200003d0       0x20 ./Drivers/STM32F1xx_HAL_Driver/Src/stm32f1xx_hal_flash.o
                0x00000000200003d0                pFlash
 COMMON         0x00000000200003f0      0x2c4 ./USB_DEVICE/App/usb_device.o
                0x00000000200003f0                hUsbDeviceFS
 COMMON         0x00000000200006b4      0x7d0 ./USB_DEVICE/App/usbd_cdc_if.o
                0x00000000200006b4                UserRxBufferFS
                0x0000000020000a9c                UserTxBufferFS
 COMMON         0x0000000020000e84      0x200 ./USB_DEVICE/App/usbd_desc.o
                0x0000000020000e84                USBD_StrDesc
 COMMON         0x0000000020001084      0x2ec ./USB_DEVICE/Target/usbd_conf.o
                0x0000000020001084                hpcd_USB_FS
                0x0000000020001370                . = ALIGN (0x4)
                0x0000000020001370                _ebss = .
                0x0000000020001370                __bss_end__ = _ebss

._user_heap_stack
                0x0000000020001370      0x600 load address 0x00000000080043d8
                0x0000000020001370                . = ALIGN (0x8)
                [!provide]                        PROVIDE (end = .)
                0x0000000020001370                PROVIDE (_end = .)
                0x0000000020001570                . = (. + _Min_Heap_Size)
 *fill*         0x0000000020001370      0x200 
                0x0000000020001970                . = (. + _Min_Stack_Size)
 *fill*         0x0000000020001570      0x400 
                0x0000000020001970                . = ALIGN (0x8)

/DISCARD/
 libc.a(*)
 libm.a(*)
 libgcc.a(*)

.ARM.attributes
                0x0000000000000000       0x29
 *(.ARM.attributes)
 .ARM.attributes
                0x0000000000000000       0x1d c:/st/stm32cubeide_1.6.1/stm32cubeide/plugins/com.st.stm32cube.ide.mcu.externaltools.gnu-tools-for-stm32.9-2020-q2-update.win32_2.0.0.202105311346/tools/bin/../lib/gcc/arm-none-eabi/9.3.1/thumb/v7-m/nofp/crti.o
 .ARM.attributes
                0x000000000000001d       0x2d c:/st/stm32cubeide_1.6.1/stm32cubeide/plugins/com.st.stm32cube.ide.mcu.externaltools.gnu-tools-for-stm32.9-2020-q2-update.win32_2.0.0.202105311346/tools/bin/../lib/gcc/arm-none-eabi/9.3.1/thumb/v7-m/nofp/crtbegin.o
 .ARM.attributes
                0x000000000000004a       0x2d ./Core/Src/bootloader.o
 .ARM.attributes
                0x0000000000000077       0x2d ./Core/Src/main.o
 .ARM.attributes
                0x00000000000000a4       0x2d ./Core/Src/stm32f1xx_hal_msp.o
 .ARM.attributes
                0x00000000000000d1       0x2d ./Core/Src/stm32f1xx_it.o
 .ARM.attributes
                0x00000000000000fe       0x2d ./Core/Src/system_stm32f1xx.o
 .ARM.attributes
                0x000000000000012b       0x21 ./Core/Startup/startup_stm32f103c8tx.o
 .ARM.attributes
                0x000000000000014c       0x2d ./Drivers/STM32F1xx_HAL_Driver/Src/stm32f1xx_hal.o
 .ARM.attributes
                0x0000000000000179       0x2d ./Drivers/STM32F1xx_HAL_Driver/Src/stm32f1xx_hal_cortex.o
 .ARM.attributes
                0x00000000000001a6       0x2d ./Drivers/STM32F1xx_HAL_Driver/Src/stm32f1xx_hal_flash.o
 .ARM.attributes
                0x00000000000001d3       0x2d ./Drivers/STM32F1xx_HAL_Driver/Src/stm32f1xx_hal_flash_ex.o
 .ARM.attributes
                0x0000000000000200       0x2d ./Drivers/STM32F1xx_HAL_Driver/Src/stm32f1xx_hal_gpio.o
 .ARM.attributes
                0x000000000000022d       0x2d ./Drivers/STM32F1xx_HAL_Driver/Src/stm32f1xx_hal_pcd.o
 .ARM.attributes
                0x000000000000025a       0x2d ./Drivers/STM32F1xx_HAL_Driver/Src/stm32f1xx_hal_pcd_ex.o
 .ARM.attributes
                0x0000000000000287       0x2d ./Drivers/STM32F1xx_HAL_Driver/Src/stm32f1xx_hal_rcc.o
 .ARM.attributes
                0x00000000000002b4       0x2d ./Drivers/STM32F1xx_HAL_Driver/Src/stm32f1xx_hal_rcc_ex.o
 .ARM.attributes
                0x00000000000002e1       0x2d ./Drivers/STM32F1xx_HAL_Driver/Src/stm32f1xx_ll_usb.o
 .ARM.attributes
                0x000000000000030e       0x2d ./Middlewares/ST/STM32_USB_Device_Library/Class/CDC/Src/usbd_cdc.o
 .ARM.attributes
                0x000000000000033b       0x2d ./Middlewares/ST/STM32_USB_Device_Library/Core/Src/usbd_core.o
 .ARM.attributes
                0x0000000000000368       0x2d ./Middlewares/ST/STM32_USB_Device_Library/Core/Src/usbd_ctlreq.o
 .ARM.attributes
                0x0000000000000395       0x2d ./Middlewares/ST/STM32_USB_Device_Library/Core/Src/usbd_ioreq.o
 .ARM.attributes
                0x00000000000003c2       0x2d ./USB_DEVICE/App/usb_device.o
 .ARM.attributes
                0x00000000000003ef       0x2d ./USB_DEVICE/App/usbd_cdc_if.o
 .ARM.attributes
                0x000000000000041c       0x2d ./USB_DEVICE/App/usbd_desc.o
 .ARM.attributes
                0x0000000000000449       0x2d ./USB_DEVICE/Target/usbd_conf.o
 .ARM.attributes
                0x0000000000000476       0x2d c:/st/stm32cubeide_1.6.1/stm32cubeide/plugins/com.st.stm32cube.ide.mcu.externaltools.gnu-tools-for-stm32.9-2020-q2-update.win32_2.0.0.202105311346/tools/bin/../lib/gcc/arm-none-eabi/9.3.1/../../../../arm-none-eabi/lib/thumb/v7-m/nofp\libc_nano.a(lib_a-init.o)
 .ARM.attributes
                0x00000000000004a3       0x2d c:/st/stm32cubeide_1.6.1/stm32cubeide/plugins/com.st.stm32cube.ide.mcu.externaltools.gnu-tools-for-stm32.9-2020-q2-update.win32_2.0.0.202105311346/tools/bin/../lib/gcc/arm-none-eabi/9.3.1/../../../../arm-none-eabi/lib/thumb/v7-m/nofp\libc_nano.a(lib_a-memset.o)
 .ARM.attributes
                0x00000000000004d0       0x1d c:/st/stm32cubeide_1.6.1/stm32cubeide/plugins/com.st.stm32cube.ide.mcu.externaltools.gnu-tools-for-stm32.9-2020-q2-update.win32_2.0.0.202105311346/tools/bin/../lib/gcc/arm-none-eabi/9.3.1/thumb/v7-m/nofp/crtn.o
OUTPUT(Bootloader_STM32F103C8T6.elf elf32-littlearm)
LOAD linker stubs
LOAD c:/st/stm32cubeide_1.6.1/stm32cubeide/plugins/com.st.stm32cube.ide.mcu.externaltools.gnu-tools-for-stm32.9-2020-q2-update.win32_2.0.0.202105311346/tools/bin/../lib/gcc/arm-none-eabi/9.3.1/../../../../arm-none-eabi/lib/thumb/v7-m/nofp\libc.a
LOAD c:/st/stm32cubeide_1.6.1/stm32cubeide/plugins/com.st.stm32cube.ide.mcu.externaltools.gnu-tools-for-stm32.9-2020-q2-update.win32_2.0.0.202105311346/tools/bin/../lib/gcc/arm-none-eabi/9.3.1/../../../../arm-none-eabi/lib/thumb/v7-m/nofp\libm.a
LOAD c:/st/stm32cubeide_1.6.1/stm32cubeide/plugins/com.st.stm32cube.ide.mcu.externaltools.gnu-tools-for-stm32.9-2020-q2-update.win32_2.0.0.202105311346/tools/bin/../lib/gcc/arm-none-eabi/9.3.1/thumb/v7-m/nofp\libgcc.a

.debug_info     0x0000000000000000    0x17d8c
 .debug_info    0x0000000000000000     0x1fef ./Core/Src/bootloader.o
 .debug_info    0x0000000000001fef     0x1645 ./Core/Src/main.o
 .debug_info    0x0000000000003634      0x2f5 ./Core/Src/stm32f1xx_hal_msp.o
 .debug_info    0x0000000000003929      0x73b ./Core/Src/stm32f1xx_it.o
 .debug_info    0x0000000000004064      0x2cd ./Core/Src/system_stm32f1xx.o
 .debug_info    0x0000000000004331       0x22 ./Core/Startup/startup_stm32f103c8tx.o
 .debug_info    0x0000000000004353      0x869 ./Drivers/STM32F1xx_HAL_Driver/Src/stm32f1xx_hal.o
 .debug_info    0x0000000000004bbc      0xe26 ./Drivers/STM32F1xx_HAL_Driver/Src/stm32f1xx_hal_cortex.o
 .debug_info    0x00000000000059e2      0x78a ./Drivers/STM32F1xx_HAL_Driver/Src/stm32f1xx_hal_flash.o
 .debug_info    0x000000000000616c      0xce4 ./Drivers/STM32F1xx_HAL_Driver/Src/stm32f1xx_hal_flash_ex.o
 .debug_info    0x0000000000006e50      0x75b ./Drivers/STM32F1xx_HAL_Driver/Src/stm32f1xx_hal_gpio.o
 .debug_info    0x00000000000075ab     0x1d02 ./Drivers/STM32F1xx_HAL_Driver/Src/stm32f1xx_hal_pcd.o
 .debug_info    0x00000000000092ad      0x7fe ./Drivers/STM32F1xx_HAL_Driver/Src/stm32f1xx_hal_pcd_ex.o
 .debug_info    0x0000000000009aab      0xadd ./Drivers/STM32F1xx_HAL_Driver/Src/stm32f1xx_hal_rcc.o
 .debug_info    0x000000000000a588      0x4fd ./Drivers/STM32F1xx_HAL_Driver/Src/stm32f1xx_hal_rcc_ex.o
 .debug_info    0x000000000000aa85     0x1c77 ./Drivers/STM32F1xx_HAL_Driver/Src/stm32f1xx_ll_usb.o
 .debug_info    0x000000000000c6fc     0x1c9b ./Middlewares/ST/STM32_USB_Device_Library/Class/CDC/Src/usbd_cdc.o
 .debug_info    0x000000000000e397     0x16d3 ./Middlewares/ST/STM32_USB_Device_Library/Core/Src/usbd_core.o
 .debug_info    0x000000000000fa6a     0x16ef ./Middlewares/ST/STM32_USB_Device_Library/Core/Src/usbd_ctlreq.o
 .debug_info    0x0000000000011159     0x116b ./Middlewares/ST/STM32_USB_Device_Library/Core/Src/usbd_ioreq.o
 .debug_info    0x00000000000122c4     0x1031 ./USB_DEVICE/App/usb_device.o
 .debug_info    0x00000000000132f5     0x13e5 ./USB_DEVICE/App/usbd_cdc_if.o
 .debug_info    0x00000000000146da      0xfe1 ./USB_DEVICE/App/usbd_desc.o
 .debug_info    0x00000000000156bb     0x26d1 ./USB_DEVICE/Target/usbd_conf.o

.debug_abbrev   0x0000000000000000     0x4154
 .debug_abbrev  0x0000000000000000      0x447 ./Core/Src/bootloader.o
 .debug_abbrev  0x0000000000000447      0x353 ./Core/Src/main.o
 .debug_abbrev  0x000000000000079a      0x12d ./Core/Src/stm32f1xx_hal_msp.o
 .debug_abbrev  0x00000000000008c7      0x1ca ./Core/Src/stm32f1xx_it.o
 .debug_abbrev  0x0000000000000a91      0x154 ./Core/Src/system_stm32f1xx.o
 .debug_abbrev  0x0000000000000be5       0x12 ./Core/Startup/startup_stm32f103c8tx.o
 .debug_abbrev  0x0000000000000bf7      0x27e ./Drivers/STM32F1xx_HAL_Driver/Src/stm32f1xx_hal.o
 .debug_abbrev  0x0000000000000e75      0x378 ./Drivers/STM32F1xx_HAL_Driver/Src/stm32f1xx_hal_cortex.o
 .debug_abbrev  0x00000000000011ed      0x32e ./Drivers/STM32F1xx_HAL_Driver/Src/stm32f1xx_hal_flash.o
 .debug_abbrev  0x000000000000151b      0x30f ./Drivers/STM32F1xx_HAL_Driver/Src/stm32f1xx_hal_flash_ex.o
 .debug_abbrev  0x000000000000182a      0x214 ./Drivers/STM32F1xx_HAL_Driver/Src/stm32f1xx_hal_gpio.o
 .debug_abbrev  0x0000000000001a3e      0x3c9 ./Drivers/STM32F1xx_HAL_Driver/Src/stm32f1xx_hal_pcd.o
 .debug_abbrev  0x0000000000001e07      0x1f5 ./Drivers/STM32F1xx_HAL_Driver/Src/stm32f1xx_hal_pcd_ex.o
 .debug_abbrev  0x0000000000001ffc      0x2e6 ./Drivers/STM32F1xx_HAL_Driver/Src/stm32f1xx_hal_rcc.o
 .debug_abbrev  0x00000000000022e2      0x1f9 ./Drivers/STM32F1xx_HAL_Driver/Src/stm32f1xx_hal_rcc_ex.o
 .debug_abbrev  0x00000000000024db      0x2bf ./Drivers/STM32F1xx_HAL_Driver/Src/stm32f1xx_ll_usb.o
 .debug_abbrev  0x000000000000279a      0x356 ./Middlewares/ST/STM32_USB_Device_Library/Class/CDC/Src/usbd_cdc.o
 .debug_abbrev  0x0000000000002af0      0x375 ./Middlewares/ST/STM32_USB_Device_Library/Core/Src/usbd_core.o
 .debug_abbrev  0x0000000000002e65      0x421 ./Middlewares/ST/STM32_USB_Device_Library/Core/Src/usbd_ctlreq.o
 .debug_abbrev  0x0000000000003286      0x22c ./Middlewares/ST/STM32_USB_Device_Library/Core/Src/usbd_ioreq.o
 .debug_abbrev  0x00000000000034b2      0x22b ./USB_DEVICE/App/usb_device.o
 .debug_abbrev  0x00000000000036dd      0x329 ./USB_DEVICE/App/usbd_cdc_if.o
 .debug_abbrev  0x0000000000003a06      0x39d ./USB_DEVICE/App/usbd_desc.o
 .debug_abbrev  0x0000000000003da3      0x3b1 ./USB_DEVICE/Target/usbd_conf.o

.debug_loc      0x0000000000000000     0x850c
 .debug_loc     0x0000000000000000      0x4cf ./Core/Src/bootloader.o
 .debug_loc     0x00000000000004cf       0x15 ./Core/Src/stm32f1xx_hal_msp.o
 .debug_loc     0x00000000000004e4       0xe7 ./Core/Src/system_stm32f1xx.o
 .debug_loc     0x00000000000005cb      0x139 ./Drivers/STM32F1xx_HAL_Driver/Src/stm32f1xx_hal.o
 .debug_loc     0x0000000000000704      0x4c5 ./Drivers/STM32F1xx_HAL_Driver/Src/stm32f1xx_hal_cortex.o
 .debug_loc     0x0000000000000bc9      0x39f ./Drivers/STM32F1xx_HAL_Driver/Src/stm32f1xx_hal_flash.o
 .debug_loc     0x0000000000000f68      0x80d ./Drivers/STM32F1xx_HAL_Driver/Src/stm32f1xx_hal_flash_ex.o
 .debug_loc     0x0000000000001775      0x41b ./Drivers/STM32F1xx_HAL_Driver/Src/stm32f1xx_hal_gpio.o
 .debug_loc     0x0000000000001b90     0x123d ./Drivers/STM32F1xx_HAL_Driver/Src/stm32f1xx_hal_pcd.o
 .debug_loc     0x0000000000002dcd       0xae ./Drivers/STM32F1xx_HAL_Driver/Src/stm32f1xx_hal_pcd_ex.o
 .debug_loc     0x0000000000002e7b      0x5dd ./Drivers/STM32F1xx_HAL_Driver/Src/stm32f1xx_hal_rcc.o
 .debug_loc     0x0000000000003458      0x38c ./Drivers/STM32F1xx_HAL_Driver/Src/stm32f1xx_hal_rcc_ex.o
 .debug_loc     0x00000000000037e4     0x1e10 ./Drivers/STM32F1xx_HAL_Driver/Src/stm32f1xx_ll_usb.o
 .debug_loc     0x00000000000055f4      0x743 ./Middlewares/ST/STM32_USB_Device_Library/Class/CDC/Src/usbd_cdc.o
 .debug_loc     0x0000000000005d37      0x7c0 ./Middlewares/ST/STM32_USB_Device_Library/Core/Src/usbd_core.o
 .debug_loc     0x00000000000064f7      0xae2 ./Middlewares/ST/STM32_USB_Device_Library/Core/Src/usbd_ctlreq.o
 .debug_loc     0x0000000000006fd9      0x284 ./Middlewares/ST/STM32_USB_Device_Library/Core/Src/usbd_ioreq.o
 .debug_loc     0x000000000000725d      0x23c ./USB_DEVICE/App/usbd_cdc_if.o
 .debug_loc     0x0000000000007499      0x38e ./USB_DEVICE/App/usbd_desc.o
 .debug_loc     0x0000000000007827      0xce5 ./USB_DEVICE/Target/usbd_conf.o

.debug_aranges  0x0000000000000000      0xa28
 .debug_aranges
                0x0000000000000000       0x80 ./Core/Src/bootloader.o
 .debug_aranges
                0x0000000000000080       0x30 ./Core/Src/main.o
 .debug_aranges
                0x00000000000000b0       0x20 ./Core/Src/stm32f1xx_hal_msp.o
 .debug_aranges
                0x00000000000000d0       0x58 ./Core/Src/stm32f1xx_it.o
 .debug_aranges
                0x0000000000000128       0x28 ./Core/Src/system_stm32f1xx.o
 .debug_aranges
                0x0000000000000150       0x28 ./Core/Startup/startup_stm32f103c8tx.o
 .debug_aranges
                0x0000000000000178       0xd8 ./Drivers/STM32F1xx_HAL_Driver/Src/stm32f1xx_hal.o
 .debug_aranges
                0x0000000000000250       0x90 ./Drivers/STM32F1xx_HAL_Driver/Src/stm32f1xx_hal_cortex.o
 .debug_aranges
                0x00000000000002e0       0x78 ./Drivers/STM32F1xx_HAL_Driver/Src/stm32f1xx_hal_flash.o
 .debug_aranges
                0x0000000000000358       0x60 ./Drivers/STM32F1xx_HAL_Driver/Src/stm32f1xx_hal_flash_ex.o
 .debug_aranges
                0x00000000000003b8       0x58 ./Drivers/STM32F1xx_HAL_Driver/Src/stm32f1xx_hal_gpio.o
 .debug_aranges
                0x0000000000000410       0xc8 ./Drivers/STM32F1xx_HAL_Driver/Src/stm32f1xx_hal_pcd.o
 .debug_aranges
                0x00000000000004d8       0x28 ./Drivers/STM32F1xx_HAL_Driver/Src/stm32f1xx_hal_pcd_ex.o
 .debug_aranges
                0x0000000000000500       0x88 ./Drivers/STM32F1xx_HAL_Driver/Src/stm32f1xx_hal_rcc.o
 .debug_aranges
                0x0000000000000588       0x30 ./Drivers/STM32F1xx_HAL_Driver/Src/stm32f1xx_hal_rcc_ex.o
 .debug_aranges
                0x00000000000005b8       0xd0 ./Drivers/STM32F1xx_HAL_Driver/Src/stm32f1xx_ll_usb.o
 .debug_aranges
                0x0000000000000688       0x90 ./Middlewares/ST/STM32_USB_Device_Library/Class/CDC/Src/usbd_cdc.o
 .debug_aranges
                0x0000000000000718       0xa8 ./Middlewares/ST/STM32_USB_Device_Library/Core/Src/usbd_core.o
 .debug_aranges
                0x00000000000007c0       0x50 ./Middlewares/ST/STM32_USB_Device_Library/Core/Src/usbd_ctlreq.o
 .debug_aranges
                0x0000000000000810       0x50 ./Middlewares/ST/STM32_USB_Device_Library/Core/Src/usbd_ioreq.o
 .debug_aranges
                0x0000000000000860       0x20 ./USB_DEVICE/App/usb_device.o
 .debug_aranges
                0x0000000000000880       0x40 ./USB_DEVICE/App/usbd_cdc_if.o
 .debug_aranges
                0x00000000000008c0       0x58 ./USB_DEVICE/App/usbd_desc.o
 .debug_aranges
                0x0000000000000918      0x110 ./USB_DEVICE/Target/usbd_conf.o

.debug_ranges   0x0000000000000000     0x1450
 .debug_ranges  0x0000000000000000       0xc0 ./Core/Src/bootloader.o
 .debug_ranges  0x00000000000000c0       0xa0 ./Core/Src/main.o
 .debug_ranges  0x0000000000000160       0x58 ./Core/Src/stm32f1xx_hal_msp.o
 .debug_ranges  0x00000000000001b8       0x48 ./Core/Src/stm32f1xx_it.o
 .debug_ranges  0x0000000000000200       0x18 ./Core/Src/system_stm32f1xx.o
 .debug_ranges  0x0000000000000218       0x20 ./Core/Startup/startup_stm32f103c8tx.o
 .debug_ranges  0x0000000000000238       0xc8 ./Drivers/STM32F1xx_HAL_Driver/Src/stm32f1xx_hal.o
 .debug_ranges  0x0000000000000300      0x150 ./Drivers/STM32F1xx_HAL_Driver/Src/stm32f1xx_hal_cortex.o
 .debug_ranges  0x0000000000000450       0xc8 ./Drivers/STM32F1xx_HAL_Driver/Src/stm32f1xx_hal_flash.o
 .debug_ranges  0x0000000000000518      0x108 ./Drivers/STM32F1xx_HAL_Driver/Src/stm32f1xx_hal_flash_ex.o
 .debug_ranges  0x0000000000000620       0x60 ./Drivers/STM32F1xx_HAL_Driver/Src/stm32f1xx_hal_gpio.o
 .debug_ranges  0x0000000000000680      0x248 ./Drivers/STM32F1xx_HAL_Driver/Src/stm32f1xx_hal_pcd.o
 .debug_ranges  0x00000000000008c8       0x18 ./Drivers/STM32F1xx_HAL_Driver/Src/stm32f1xx_hal_pcd_ex.o
 .debug_ranges  0x00000000000008e0       0xb8 ./Drivers/STM32F1xx_HAL_Driver/Src/stm32f1xx_hal_rcc.o
 .debug_ranges  0x0000000000000998       0x58 ./Drivers/STM32F1xx_HAL_Driver/Src/stm32f1xx_hal_rcc_ex.o
 .debug_ranges  0x00000000000009f0      0x550 ./Drivers/STM32F1xx_HAL_Driver/Src/stm32f1xx_ll_usb.o
 .debug_ranges  0x0000000000000f40       0x80 ./Middlewares/ST/STM32_USB_Device_Library/Class/CDC/Src/usbd_cdc.o
 .debug_ranges  0x0000000000000fc0       0x98 ./Middlewares/ST/STM32_USB_Device_Library/Core/Src/usbd_core.o
 .debug_ranges  0x0000000000001058       0xb8 ./Middlewares/ST/STM32_USB_Device_Library/Core/Src/usbd_ctlreq.o
 .debug_ranges  0x0000000000001110       0x40 ./Middlewares/ST/STM32_USB_Device_Library/Core/Src/usbd_ioreq.o
 .debug_ranges  0x0000000000001150       0x10 ./USB_DEVICE/App/usb_device.o
 .debug_ranges  0x0000000000001160       0x30 ./USB_DEVICE/App/usbd_cdc_if.o
 .debug_ranges  0x0000000000001190       0x90 ./USB_DEVICE/App/usbd_desc.o
 .debug_ranges  0x0000000000001220      0x230 ./USB_DEVICE/Target/usbd_conf.o

.debug_macro    0x0000000000000000    0x19ea0
 .debug_macro   0x0000000000000000      0x3eb ./Core/Src/bootloader.o
 .debug_macro   0x00000000000003eb      0xaa2 ./Core/Src/bootloader.o
 .debug_macro   0x0000000000000e8d       0x40 ./Core/Src/bootloader.o
 .debug_macro   0x0000000000000ecd      0x215 ./Core/Src/bootloader.o
 .debug_macro   0x00000000000010e2       0x2e ./Core/Src/bootloader.o
 .debug_macro   0x0000000000001110       0x22 ./Core/Src/bootloader.o
 .debug_macro   0x0000000000001132       0x22 ./Core/Src/bootloader.o
 .debug_macro   0x0000000000001154       0x8e ./Core/Src/bootloader.o
 .debug_macro   0x00000000000011e2       0x51 ./Core/Src/bootloader.o
 .debug_macro   0x0000000000001233      0x103 ./Core/Src/bootloader.o
 .debug_macro   0x0000000000001336       0x6a ./Core/Src/bootloader.o
 .debug_macro   0x00000000000013a0      0x1df ./Core/Src/bootloader.o
 .debug_macro   0x000000000000157f       0x1c ./Core/Src/bootloader.o
 .debug_macro   0x000000000000159b       0x22 ./Core/Src/bootloader.o
 .debug_macro   0x00000000000015bd       0xc3 ./Core/Src/bootloader.o
 .debug_macro   0x0000000000001680      0xd23 ./Core/Src/bootloader.o
 .debug_macro   0x00000000000023a3     0xe09e ./Core/Src/bootloader.o
 .debug_macro   0x0000000000010441       0x6d ./Core/Src/bootloader.o
 .debug_macro   0x00000000000104ae     0x3468 ./Core/Src/bootloader.o
 .debug_macro   0x0000000000013916      0x174 ./Core/Src/bootloader.o
 .debug_macro   0x0000000000013a8a       0x5c ./Core/Src/bootloader.o
 .debug_macro   0x0000000000013ae6      0x5be ./Core/Src/bootloader.o
 .debug_macro   0x00000000000140a4      0x289 ./Core/Src/bootloader.o
 .debug_macro   0x000000000001432d      0x1cb ./Core/Src/bootloader.o
 .debug_macro   0x00000000000144f8      0x114 ./Core/Src/bootloader.o
 .debug_macro   0x000000000001460c      0x1b2 ./Core/Src/bootloader.o
 .debug_macro   0x00000000000147be       0x27 ./Core/Src/bootloader.o
 .debug_macro   0x00000000000147e5      0x136 ./Core/Src/bootloader.o
 .debug_macro   0x000000000001491b      0x1bc ./Core/Src/bootloader.o
 .debug_macro   0x0000000000014ad7       0x34 ./Core/Src/bootloader.o
 .debug_macro   0x0000000000014b0b       0x3c ./Core/Src/bootloader.o
 .debug_macro   0x0000000000014b47       0x57 ./Core/Src/bootloader.o
 .debug_macro   0x0000000000014b9e       0x88 ./Core/Src/bootloader.o
 .debug_macro   0x0000000000014c26      0x241 ./Core/Src/bootloader.o
 .debug_macro   0x0000000000014e67      0x141 ./Core/Src/bootloader.o
 .debug_macro   0x0000000000014fa8       0x65 ./Core/Src/bootloader.o
 .debug_macro   0x000000000001500d      0x249 ./Core/Src/bootloader.o
 .debug_macro   0x0000000000015256       0x83 ./Core/Src/bootloader.o
 .debug_macro   0x00000000000152d9       0x10 ./Core/Src/bootloader.o
 .debug_macro   0x00000000000152e9       0x52 ./Core/Src/bootloader.o
 .debug_macro   0x000000000001533b       0x18 ./Core/Src/bootloader.o
 .debug_macro   0x0000000000015353       0x3c ./Core/Src/bootloader.o
 .debug_macro   0x000000000001538f       0x34 ./Core/Src/bootloader.o
 .debug_macro   0x00000000000153c3       0x16 ./Core/Src/bootloader.o
 .debug_macro   0x00000000000153d9       0x35 ./Core/Src/bootloader.o
 .debug_macro   0x000000000001540e      0x333 ./Core/Src/bootloader.o
 .debug_macro   0x0000000000015741       0x10 ./Core/Src/bootloader.o
 .debug_macro   0x0000000000015751       0x16 ./Core/Src/bootloader.o
 .debug_macro   0x0000000000015767       0x43 ./Core/Src/bootloader.o
 .debug_macro   0x00000000000157aa       0x34 ./Core/Src/bootloader.o
 .debug_macro   0x00000000000157de       0x10 ./Core/Src/bootloader.o
 .debug_macro   0x00000000000157ee       0x58 ./Core/Src/bootloader.o
 .debug_macro   0x0000000000015846       0x71 ./Core/Src/bootloader.o
 .debug_macro   0x00000000000158b7       0x1c ./Core/Src/bootloader.o
 .debug_macro   0x00000000000158d3      0x12a ./Core/Src/bootloader.o
 .debug_macro   0x00000000000159fd       0x10 ./Core/Src/bootloader.o
 .debug_macro   0x0000000000015a0d       0x1c ./Core/Src/bootloader.o
 .debug_macro   0x0000000000015a29       0x52 ./Core/Src/bootloader.o
 .debug_macro   0x0000000000015a7b       0x22 ./Core/Src/bootloader.o
 .debug_macro   0x0000000000015a9d       0x10 ./Core/Src/bootloader.o
 .debug_macro   0x0000000000015aad       0x40 ./Core/Src/bootloader.o
 .debug_macro   0x0000000000015aed       0xd5 ./Core/Src/bootloader.o
 .debug_macro   0x0000000000015bc2       0x1c ./Core/Src/bootloader.o
 .debug_macro   0x0000000000015bde       0x3d ./Core/Src/bootloader.o
 .debug_macro   0x0000000000015c1b       0x16 ./Core/Src/bootloader.o
 .debug_macro   0x0000000000015c31      0x145 ./Core/Src/bootloader.o
 .debug_macro   0x0000000000015d76       0x16 ./Core/Src/bootloader.o
 .debug_macro   0x0000000000015d8c       0x16 ./Core/Src/bootloader.o
 .debug_macro   0x0000000000015da2       0x29 ./Core/Src/bootloader.o
 .debug_macro   0x0000000000015dcb       0x16 ./Core/Src/bootloader.o
 .debug_macro   0x0000000000015de1       0x20 ./Core/Src/bootloader.o
 .debug_macro   0x0000000000015e01       0x60 ./Core/Src/bootloader.o
 .debug_macro   0x0000000000015e61      0x1c8 ./Core/Src/bootloader.o
 .debug_macro   0x0000000000016029       0x8f ./Core/Src/bootloader.o
 .debug_macro   0x00000000000160b8       0x10 ./Core/Src/bootloader.o
 .debug_macro   0x00000000000160c8      0x3f9 ./Core/Src/main.o
 .debug_macro   0x00000000000164c1      0x1b7 ./Core/Src/stm32f1xx_hal_msp.o
 .debug_macro   0x0000000000016678      0x1c1 ./Core/Src/stm32f1xx_it.o
 .debug_macro   0x0000000000016839      0x1a8 ./Core/Src/system_stm32f1xx.o
 .debug_macro   0x00000000000169e1      0x1cc ./Drivers/STM32F1xx_HAL_Driver/Src/stm32f1xx_hal.o
 .debug_macro   0x0000000000016bad      0x1a8 ./Drivers/STM32F1xx_HAL_Driver/Src/stm32f1xx_hal_cortex.o
 .debug_macro   0x0000000000016d55      0x1a8 ./Drivers/STM32F1xx_HAL_Driver/Src/stm32f1xx_hal_flash.o
 .debug_macro   0x0000000000016efd      0x1ba ./Drivers/STM32F1xx_HAL_Driver/Src/stm32f1xx_hal_flash_ex.o
 .debug_macro   0x00000000000170b7      0x213 ./Drivers/STM32F1xx_HAL_Driver/Src/stm32f1xx_hal_gpio.o
 .debug_macro   0x00000000000172ca      0x1b4 ./Drivers/STM32F1xx_HAL_Driver/Src/stm32f1xx_hal_pcd.o
 .debug_macro   0x000000000001747e      0x1a8 ./Drivers/STM32F1xx_HAL_Driver/Src/stm32f1xx_hal_pcd_ex.o
 .debug_macro   0x0000000000017626      0x1ba ./Drivers/STM32F1xx_HAL_Driver/Src/stm32f1xx_hal_rcc.o
 .debug_macro   0x00000000000177e0      0x1a8 ./Drivers/STM32F1xx_HAL_Driver/Src/stm32f1xx_hal_rcc_ex.o
 .debug_macro   0x0000000000017988      0x1a8 ./Drivers/STM32F1xx_HAL_Driver/Src/stm32f1xx_ll_usb.o
 .debug_macro   0x0000000000017b30      0x3cd ./Middlewares/ST/STM32_USB_Device_Library/Class/CDC/Src/usbd_cdc.o
 .debug_macro   0x0000000000017efd       0x97 ./Middlewares/ST/STM32_USB_Device_Library/Class/CDC/Src/usbd_cdc.o
 .debug_macro   0x0000000000017f94       0xfd ./Middlewares/ST/STM32_USB_Device_Library/Class/CDC/Src/usbd_cdc.o
 .debug_macro   0x0000000000018091       0xbd ./Middlewares/ST/STM32_USB_Device_Library/Class/CDC/Src/usbd_cdc.o
 .debug_macro   0x000000000001814e       0x56 ./Middlewares/ST/STM32_USB_Device_Library/Class/CDC/Src/usbd_cdc.o
 .debug_macro   0x00000000000181a4      0x3b4 ./Middlewares/ST/STM32_USB_Device_Library/Core/Src/usbd_core.o
 .debug_macro   0x0000000000018558      0x1ce ./Middlewares/ST/STM32_USB_Device_Library/Core/Src/usbd_core.o
 .debug_macro   0x0000000000018726      0x3be ./Middlewares/ST/STM32_USB_Device_Library/Core/Src/usbd_ctlreq.o
 .debug_macro   0x0000000000018ae4      0x3ba ./Middlewares/ST/STM32_USB_Device_Library/Core/Src/usbd_ioreq.o
 .debug_macro   0x0000000000018e9e      0x3ed ./USB_DEVICE/App/usb_device.o
 .debug_macro   0x000000000001928b       0x16 ./USB_DEVICE/App/usb_device.o
 .debug_macro   0x00000000000192a1       0x22 ./USB_DEVICE/App/usb_device.o
 .debug_macro   0x00000000000192c3       0x16 ./USB_DEVICE/App/usb_device.o
 .debug_macro   0x00000000000192d9      0x3e9 ./USB_DEVICE/App/usbd_cdc_if.o
 .debug_macro   0x00000000000196c2      0x3f1 ./USB_DEVICE/App/usbd_desc.o
 .debug_macro   0x0000000000019ab3       0x1c ./USB_DEVICE/App/usbd_desc.o
 .debug_macro   0x0000000000019acf      0x3d1 ./USB_DEVICE/Target/usbd_conf.o

.debug_line     0x0000000000000000    0x12573
 .debug_line    0x0000000000000000      0xf8e ./Core/Src/bootloader.o
 .debug_line    0x0000000000000f8e      0xb91 ./Core/Src/main.o
 .debug_line    0x0000000000001b1f      0x69a ./Core/Src/stm32f1xx_hal_msp.o
 .debug_line    0x00000000000021b9      0x765 ./Core/Src/stm32f1xx_it.o
 .debug_line    0x000000000000291e      0x70a ./Core/Src/system_stm32f1xx.o
 .debug_line    0x0000000000003028       0x84 ./Core/Startup/startup_stm32f103c8tx.o
 .debug_line    0x00000000000030ac      0x9a3 ./Drivers/STM32F1xx_HAL_Driver/Src/stm32f1xx_hal.o
 .debug_line    0x0000000000003a4f      0xb48 ./Drivers/STM32F1xx_HAL_Driver/Src/stm32f1xx_hal_cortex.o
 .debug_line    0x0000000000004597      0xc61 ./Drivers/STM32F1xx_HAL_Driver/Src/stm32f1xx_hal_flash.o
 .debug_line    0x00000000000051f8      0xd61 ./Drivers/STM32F1xx_HAL_Driver/Src/stm32f1xx_hal_flash_ex.o
 .debug_line    0x0000000000005f59      0xa34 ./Drivers/STM32F1xx_HAL_Driver/Src/stm32f1xx_hal_gpio.o
 .debug_line    0x000000000000698d     0x1703 ./Drivers/STM32F1xx_HAL_Driver/Src/stm32f1xx_hal_pcd.o
 .debug_line    0x0000000000008090      0x6f7 ./Drivers/STM32F1xx_HAL_Driver/Src/stm32f1xx_hal_pcd_ex.o
 .debug_line    0x0000000000008787     0x107c ./Drivers/STM32F1xx_HAL_Driver/Src/stm32f1xx_hal_rcc.o
 .debug_line    0x0000000000009803      0x94a ./Drivers/STM32F1xx_HAL_Driver/Src/stm32f1xx_hal_rcc_ex.o
 .debug_line    0x000000000000a14d     0x1ef0 ./Drivers/STM32F1xx_HAL_Driver/Src/stm32f1xx_ll_usb.o
 .debug_line    0x000000000000c03d      0xe65 ./Middlewares/ST/STM32_USB_Device_Library/Class/CDC/Src/usbd_cdc.o
 .debug_line    0x000000000000cea2      0xe38 ./Middlewares/ST/STM32_USB_Device_Library/Core/Src/usbd_core.o
 .debug_line    0x000000000000dcda      0xf54 ./Middlewares/ST/STM32_USB_Device_Library/Core/Src/usbd_ctlreq.o
 .debug_line    0x000000000000ec2e      0xa60 ./Middlewares/ST/STM32_USB_Device_Library/Core/Src/usbd_ioreq.o
 .debug_line    0x000000000000f68e      0xa00 ./USB_DEVICE/App/usb_device.o
 .debug_line    0x000000000001008e      0xaaa ./USB_DEVICE/App/usbd_cdc_if.o
 .debug_line    0x0000000000010b38      0xb17 ./USB_DEVICE/App/usbd_desc.o
 .debug_line    0x000000000001164f      0xf24 ./USB_DEVICE/Target/usbd_conf.o

.debug_str      0x0000000000000000    0x8563d
 .debug_str     0x0000000000000000    0x82902 ./Core/Src/bootloader.o
                                      0x82df9 (size before relaxing)
 .debug_str     0x0000000000082902      0x291 ./Core/Src/main.o
                                      0x82d3b (size before relaxing)
 .debug_str     0x0000000000082b93       0x5a ./Core/Src/stm32f1xx_hal_msp.o
                                      0x7d5ce (size before relaxing)
 .debug_str     0x0000000000082bed      0x3ee ./Core/Src/stm32f1xx_it.o
                                      0x7d990 (size before relaxing)
 .debug_str     0x0000000000082fdb       0x52 ./Core/Src/system_stm32f1xx.o
                                      0x7d57f (size before relaxing)
 .debug_str     0x000000000008302d       0x36 ./Core/Startup/startup_stm32f103c8tx.o
                                         0x7a (size before relaxing)
 .debug_str     0x0000000000083063      0x559 ./Drivers/STM32F1xx_HAL_Driver/Src/stm32f1xx_hal.o
                                      0x7dc55 (size before relaxing)
 .debug_str     0x00000000000835bc      0x293 ./Drivers/STM32F1xx_HAL_Driver/Src/stm32f1xx_hal_cortex.o
                                      0x7dc18 (size before relaxing)
 .debug_str     0x000000000008384f      0x240 ./Drivers/STM32F1xx_HAL_Driver/Src/stm32f1xx_hal_flash.o
                                      0x7d886 (size before relaxing)
 .debug_str     0x0000000000083a8f      0x302 ./Drivers/STM32F1xx_HAL_Driver/Src/stm32f1xx_hal_flash_ex.o
                                      0x7da34 (size before relaxing)
 .debug_str     0x0000000000083d91      0x2f4 ./Drivers/STM32F1xx_HAL_Driver/Src/stm32f1xx_hal_gpio.o
                                      0x7d943 (size before relaxing)
 .debug_str     0x0000000000084085      0x563 ./Drivers/STM32F1xx_HAL_Driver/Src/stm32f1xx_hal_pcd.o
                                      0x7de73 (size before relaxing)
 .debug_str     0x00000000000845e8      0x170 ./Drivers/STM32F1xx_HAL_Driver/Src/stm32f1xx_hal_pcd_ex.o
                                      0x7da1f (size before relaxing)
 .debug_str     0x0000000000084758      0x21a ./Drivers/STM32F1xx_HAL_Driver/Src/stm32f1xx_hal_rcc.o
                                      0x7d9a3 (size before relaxing)
 .debug_str     0x0000000000084972       0x9f ./Drivers/STM32F1xx_HAL_Driver/Src/stm32f1xx_hal_rcc_ex.o
                                      0x7d72a (size before relaxing)
 .debug_str     0x0000000000084a11      0x139 ./Drivers/STM32F1xx_HAL_Driver/Src/stm32f1xx_ll_usb.o
                                      0x7da52 (size before relaxing)
 .debug_str     0x0000000000084b4a      0x321 ./Middlewares/ST/STM32_USB_Device_Library/Class/CDC/Src/usbd_cdc.o
                                      0x82e76 (size before relaxing)
 .debug_str     0x0000000000084e6b      0x288 ./Middlewares/ST/STM32_USB_Device_Library/Core/Src/usbd_core.o
                                      0x827c4 (size before relaxing)
 .debug_str     0x00000000000850f3      0x120 ./Middlewares/ST/STM32_USB_Device_Library/Core/Src/usbd_ctlreq.o
                                      0x826de (size before relaxing)
 .debug_str     0x0000000000085213       0x51 ./Middlewares/ST/STM32_USB_Device_Library/Core/Src/usbd_ioreq.o
                                      0x8260b (size before relaxing)
 .debug_str     0x0000000000085264       0xa2 ./USB_DEVICE/App/usb_device.o
                                      0x82985 (size before relaxing)
 .debug_str     0x0000000000085306       0x76 ./USB_DEVICE/App/usbd_cdc_if.o
                                      0x82bbe (size before relaxing)
 .debug_str     0x000000000008537c      0x24e ./USB_DEVICE/App/usbd_desc.o
                                      0x8253d (size before relaxing)
 .debug_str     0x00000000000855ca       0x73 ./USB_DEVICE/Target/usbd_conf.o
                                      0x83417 (size before relaxing)

.comment        0x0000000000000000       0x53
 .comment       0x0000000000000000       0x53 ./Core/Src/bootloader.o
                                         0x54 (size before relaxing)
 .comment       0x0000000000000053       0x54 ./Core/Src/main.o
 .comment       0x0000000000000053       0x54 ./Core/Src/stm32f1xx_hal_msp.o
 .comment       0x0000000000000053       0x54 ./Core/Src/stm32f1xx_it.o
 .comment       0x0000000000000053       0x54 ./Core/Src/system_stm32f1xx.o
 .comment       0x0000000000000053       0x54 ./Drivers/STM32F1xx_HAL_Driver/Src/stm32f1xx_hal.o
 .comment       0x0000000000000053       0x54 ./Drivers/STM32F1xx_HAL_Driver/Src/stm32f1xx_hal_cortex.o
 .comment       0x0000000000000053       0x54 ./Drivers/STM32F1xx_HAL_Driver/Src/stm32f1xx_hal_flash.o
 .comment       0x0000000000000053       0x54 ./Drivers/STM32F1xx_HAL_Driver/Src/stm32f1xx_hal_flash_ex.o
 .comment       0x0000000000000053       0x54 ./Drivers/STM32F1xx_HAL_Driver/Src/stm32f1xx_hal_gpio.o
 .comment       0x0000000000000053       0x54 ./Drivers/STM32F1xx_HAL_Driver/Src/stm32f1xx_hal_pcd.o
 .comment       0x0000000000000053       0x54 ./Drivers/STM32F1xx_HAL_Driver/Src/stm32f1xx_hal_pcd_ex.o
 .comment       0x0000000000000053       0x54 ./Drivers/STM32F1xx_HAL_Driver/Src/stm32f1xx_hal_rcc.o
 .comment       0x0000000000000053       0x54 ./Drivers/STM32F1xx_HAL_Driver/Src/stm32f1xx_hal_rcc_ex.o
 .comment       0x0000000000000053       0x54 ./Drivers/STM32F1xx_HAL_Driver/Src/stm32f1xx_ll_usb.o
 .comment       0x0000000000000053       0x54 ./Middlewares/ST/STM32_USB_Device_Library/Class/CDC/Src/usbd_cdc.o
 .comment       0x0000000000000053       0x54 ./Middlewares/ST/STM32_USB_Device_Library/Core/Src/usbd_core.o
 .comment       0x0000000000000053       0x54 ./Middlewares/ST/STM32_USB_Device_Library/Core/Src/usbd_ctlreq.o
 .comment       0x0000000000000053       0x54 ./Middlewares/ST/STM32_USB_Device_Library/Core/Src/usbd_ioreq.o
 .comment       0x0000000000000053       0x54 ./USB_DEVICE/App/usb_device.o
 .comment       0x0000000000000053       0x54 ./USB_DEVICE/App/usbd_cdc_if.o
 .comment       0x0000000000000053       0x54 ./USB_DEVICE/App/usbd_desc.o
 .comment       0x0000000000000053       0x54 ./USB_DEVICE/Target/usbd_conf.o

.debug_frame    0x0000000000000000     0x18bc
 .debug_frame   0x0000000000000000      0x188 ./Core/Src/bootloader.o
 .debug_frame   0x0000000000000188       0x58 ./Core/Src/main.o
 .debug_frame   0x00000000000001e0       0x28 ./Core/Src/stm32f1xx_hal_msp.o
 .debug_frame   0x0000000000000208       0xb0 ./Core/Src/stm32f1xx_it.o
 .debug_frame   0x00000000000002b8       0x30 ./Core/Src/system_stm32f1xx.o
 .debug_frame   0x00000000000002e8      0x1d4 ./Drivers/STM32F1xx_HAL_Driver/Src/stm32f1xx_hal.o
 .debug_frame   0x00000000000004bc      0x120 ./Drivers/STM32F1xx_HAL_Driver/Src/stm32f1xx_hal_cortex.o
 .debug_frame   0x00000000000005dc      0x120 ./Drivers/STM32F1xx_HAL_Driver/Src/stm32f1xx_hal_flash.o
 .debug_frame   0x00000000000006fc       0xf0 ./Drivers/STM32F1xx_HAL_Driver/Src/stm32f1xx_hal_flash_ex.o
 .debug_frame   0x00000000000007ec       0xd8 ./Drivers/STM32F1xx_HAL_Driver/Src/stm32f1xx_hal_gpio.o
 .debug_frame   0x00000000000008c4      0x2d8 ./Drivers/STM32F1xx_HAL_Driver/Src/stm32f1xx_hal_pcd.o
 .debug_frame   0x0000000000000b9c       0x58 ./Drivers/STM32F1xx_HAL_Driver/Src/stm32f1xx_hal_pcd_ex.o
 .debug_frame   0x0000000000000bf4      0x150 ./Drivers/STM32F1xx_HAL_Driver/Src/stm32f1xx_hal_rcc.o
 .debug_frame   0x0000000000000d44       0x70 ./Drivers/STM32F1xx_HAL_Driver/Src/stm32f1xx_hal_rcc_ex.o
 .debug_frame   0x0000000000000db4      0x214 ./Drivers/STM32F1xx_HAL_Driver/Src/stm32f1xx_ll_usb.o
 .debug_frame   0x0000000000000fc8      0x168 ./Middlewares/ST/STM32_USB_Device_Library/Class/CDC/Src/usbd_cdc.o
 .debug_frame   0x0000000000001130      0x1c4 ./Middlewares/ST/STM32_USB_Device_Library/Core/Src/usbd_core.o
 .debug_frame   0x00000000000012f4       0xcc ./Middlewares/ST/STM32_USB_Device_Library/Core/Src/usbd_ctlreq.o
 .debug_frame   0x00000000000013c0       0xb0 ./Middlewares/ST/STM32_USB_Device_Library/Core/Src/usbd_ioreq.o
 .debug_frame   0x0000000000001470       0x30 ./USB_DEVICE/App/usb_device.o
 .debug_frame   0x00000000000014a0       0x84 ./USB_DEVICE/App/usbd_cdc_if.o
 .debug_frame   0x0000000000001524       0xc4 ./USB_DEVICE/App/usbd_desc.o
 .debug_frame   0x00000000000015e8      0x288 ./USB_DEVICE/Target/usbd_conf.o
 .debug_frame   0x0000000000001870       0x2c c:/st/stm32cubeide_1.6.1/stm32cubeide/plugins/com.st.stm32cube.ide.mcu.externaltools.gnu-tools-for-stm32.9-2020-q2-update.win32_2.0.0.202105311346/tools/bin/../lib/gcc/arm-none-eabi/9.3.1/../../../../arm-none-eabi/lib/thumb/v7-m/nofp\libc_nano.a(lib_a-init.o)
 .debug_frame   0x000000000000189c       0x20 c:/st/stm32cubeide_1.6.1/stm32cubeide/plugins/com.st.stm32cube.ide.mcu.externaltools.gnu-tools-for-stm32.9-2020-q2-update.win32_2.0.0.202105311346/tools/bin/../lib/gcc/arm-none-eabi/9.3.1/../../../../arm-none-eabi/lib/thumb/v7-m/nofp\libc_nano.a(lib_a-memset.o)
